#
# There is insufficient memory for the Java Runtime Environment to continue.
# Native memory allocation (malloc) failed to allocate 1666416 bytes for Chunk::new
# Possible reasons:
#   The system is out of physical RAM or swap space
#   The process is running with CompressedOops enabled, and the Java Heap may be blocking the growth of the native heap
# Possible solutions:
#   Reduce memory load on the system
#   Increase physical memory or swap space
#   Check if swap backing store is full
#   Decrease Java heap size (-Xmx/-Xms)
#   Decrease number of Java threads
#   Decrease Java thread stack sizes (-Xss)
#   Set larger code cache with -XX:ReservedCodeCacheSize=
#   JVM is running with Zero Based Compressed Oops mode in which the Java heap is
#     placed in the first 32GB address space. The Java Heap base address is the
#     maximum limit for the native heap growth. Please use -XX:HeapBaseMinAddress
#     to set the Java Heap base and to place the Java Heap above 32GB virtual address.
# This output file may be truncated or incomplete.
#
#  Out of Memory Error (arena.cpp:168), pid=29936, tid=37120
#
# JRE version: Java(TM) SE Runtime Environment (21.0.2+13) (build 21.0.2+13-LTS-58)
# Java VM: Java HotSpot(TM) 64-Bit Server VM (21.0.2+13-LTS-58, mixed mode, sharing, tiered, compressed oops, compressed class ptrs, g1 gc, windows-amd64)
# No core dump will be written. Minidumps are not enabled by default on client versions of Windows
#

---------------  S U M M A R Y ------------

Command Line: -javaagent:C:\Program Files\JetBrains\IntelliJ IDEA Community Edition 2025.2\lib\idea_rt.jar=62394 -Dfile.encoding=UTF-8 -Dsun.stdout.encoding=UTF-8 -Dsun.stderr.encoding=UTF-8 bt.ricb.ricb_api.RicbApiApplication

Host: 13th Gen Intel(R) Core(TM) i7-1355U, 12 cores, 15G,  Windows 11 , 64 bit Build 26100 (10.0.26100.8328)
Time: Fri May  8 12:38:21 2026 Bangladesh Standard Time elapsed time: 4.716018 seconds (0d 0h 0m 4s)

---------------  T H R E A D  ---------------

Current thread (0x0000029f68b08fb0):  JavaThread "C2 CompilerThread2" daemon [_thread_in_native, id=37120, stack(0x000000acce300000,0x000000acce400000) (1024K)]


Current CompileTask:
C2:   4716 2435   !   4       jdk.internal.loader.BuiltinClassLoader::loadClassOrNull (143 bytes)

Stack: [0x000000acce300000,0x000000acce400000]
Native frames: (J=compiled Java code, j=interpreted, Vv=VM code, C=native code)
V  [jvm.dll+0x6cade9]
V  [jvm.dll+0x8569c1]
V  [jvm.dll+0x858d2e]
V  [jvm.dll+0x859413]
V  [jvm.dll+0x280e56]
V  [jvm.dll+0xc3f3d]
V  [jvm.dll+0xc4473]
V  [jvm.dll+0x3b5bf2]
V  [jvm.dll+0x382855]
V  [jvm.dll+0x381cca]
V  [jvm.dll+0x249bd0]
V  [jvm.dll+0x2491b1]
V  [jvm.dll+0x1c9634]
V  [jvm.dll+0x258859]
V  [jvm.dll+0x256e3a]
V  [jvm.dll+0x3ef6c6]
V  [jvm.dll+0x7ff568]
V  [jvm.dll+0x6c953d]
C  [ucrtbase.dll+0x37b0]
C  [KERNEL32.DLL+0x2e957]
C  [ntdll.dll+0x427c]


---------------  P R O C E S S  ---------------

Threads class SMR info:
_java_thread_list=0x0000029f69899310, length=16, elements={
0x0000029f43ea87c0, 0x0000029f633579e0, 0x0000029f63358440, 0x0000029f6335c7c0,
0x0000029f6335d350, 0x0000029f6335f4d0, 0x0000029f63362550, 0x0000029f6336dd20,
0x0000029f634834b0, 0x0000029f63596a60, 0x0000029f63597780, 0x0000029f63598b30,
0x0000029f68815480, 0x0000029f68b08fb0, 0x0000029f635963d0, 0x0000029f635991c0
}

Java Threads: ( => current thread )
  0x0000029f43ea87c0 JavaThread "main"                              [_thread_blocked, id=23032, stack(0x000000accca00000,0x000000acccb00000) (1024K)]
  0x0000029f633579e0 JavaThread "Reference Handler"          daemon [_thread_blocked, id=33140, stack(0x000000accd200000,0x000000accd300000) (1024K)]
  0x0000029f63358440 JavaThread "Finalizer"                  daemon [_thread_blocked, id=45044, stack(0x000000accd300000,0x000000accd400000) (1024K)]
  0x0000029f6335c7c0 JavaThread "Signal Dispatcher"          daemon [_thread_blocked, id=39948, stack(0x000000accd400000,0x000000accd500000) (1024K)]
  0x0000029f6335d350 JavaThread "Attach Listener"            daemon [_thread_blocked, id=40724, stack(0x000000accd500000,0x000000accd600000) (1024K)]
  0x0000029f6335f4d0 JavaThread "Service Thread"             daemon [_thread_blocked, id=19556, stack(0x000000accd600000,0x000000accd700000) (1024K)]
  0x0000029f63362550 JavaThread "Monitor Deflation Thread"   daemon [_thread_blocked, id=15152, stack(0x000000accd700000,0x000000accd800000) (1024K)]
  0x0000029f6336dd20 JavaThread "C2 CompilerThread0"         daemon [_thread_blocked, id=16860, stack(0x000000accd800000,0x000000accd900000) (1024K)]
  0x0000029f634834b0 JavaThread "C1 CompilerThread0"         daemon [_thread_blocked, id=43644, stack(0x000000accd900000,0x000000accda00000) (1024K)]
  0x0000029f63596a60 JavaThread "Common-Cleaner"             daemon [_thread_blocked, id=40232, stack(0x000000accda00000,0x000000accdb00000) (1024K)]
  0x0000029f63597780 JavaThread "Monitor Ctrl-Break"         daemon [_thread_in_native, id=27068, stack(0x000000accdb00000,0x000000accdc00000) (1024K)]
  0x0000029f63598b30 JavaThread "Notification Thread"        daemon [_thread_blocked, id=46508, stack(0x000000accdc00000,0x000000accdd00000) (1024K)]
  0x0000029f68815480 JavaThread "C2 CompilerThread1"         daemon [_thread_in_native, id=49892, stack(0x000000accdd00000,0x000000accde00000) (1024K)]
=>0x0000029f68b08fb0 JavaThread "C2 CompilerThread2"         daemon [_thread_in_native, id=37120, stack(0x000000acce300000,0x000000acce400000) (1024K)]
  0x0000029f635963d0 JavaThread "Thread-0"                          [_thread_blocked, id=34244, stack(0x000000acce400000,0x000000acce500000) (1024K)]
  0x0000029f635991c0 JavaThread "restartedMain"                     [_thread_in_Java, id=25848, stack(0x000000acce500000,0x000000acce600000) (1024K)]
Total: 16

Other Threads:
  0x0000029f63338380 VMThread "VM Thread"                           [id=29700, stack(0x000000accd100000,0x000000accd200000) (1024K)]
  0x0000029f6331a370 WatcherThread "VM Periodic Task Thread"        [id=41732, stack(0x000000accd000000,0x000000accd100000) (1024K)]
  0x0000029f41c7e6e0 WorkerThread "GC Thread#0"                     [id=26884, stack(0x000000acccb00000,0x000000acccc00000) (1024K)]
  0x0000029f68699170 WorkerThread "GC Thread#1"                     [id=7112, stack(0x000000accde00000,0x000000accdf00000) (1024K)]
  0x0000029f68699510 WorkerThread "GC Thread#2"                     [id=17444, stack(0x000000accdf00000,0x000000acce000000) (1024K)]
  0x0000029f687db360 WorkerThread "GC Thread#3"                     [id=35948, stack(0x000000acce000000,0x000000acce100000) (1024K)]
  0x0000029f687dac20 WorkerThread "GC Thread#4"                     [id=31892, stack(0x000000acce100000,0x000000acce200000) (1024K)]
  0x0000029f687dafc0 WorkerThread "GC Thread#5"                     [id=38684, stack(0x000000acce200000,0x000000acce300000) (1024K)]
  0x0000029f687da140 WorkerThread "GC Thread#6"                     [id=27700, stack(0x000000acce700000,0x000000acce800000) (1024K)]
  0x0000029f69a96c60 WorkerThread "GC Thread#7"                     [id=45740, stack(0x000000acce800000,0x000000acce900000) (1024K)]
  0x0000029f69a97000 WorkerThread "GC Thread#8"                     [id=38992, stack(0x000000acce900000,0x000000accea00000) (1024K)]
  0x0000029f69a96520 WorkerThread "GC Thread#9"                     [id=34416, stack(0x000000accea00000,0x000000acceb00000) (1024K)]
  0x0000029f43f1cf60 ConcurrentGCThread "G1 Main Marker"            [id=5248, stack(0x000000acccc00000,0x000000acccd00000) (1024K)]
  0x0000029f43f1e3e0 WorkerThread "G1 Conc#0"                       [id=44436, stack(0x000000acccd00000,0x000000accce00000) (1024K)]
  0x0000029f631e09b0 ConcurrentGCThread "G1 Refine#0"               [id=38708, stack(0x000000accce00000,0x000000acccf00000) (1024K)]
  0x0000029f631e22e0 ConcurrentGCThread "G1 Service"                [id=21200, stack(0x000000acccf00000,0x000000accd000000) (1024K)]
Total: 16

Threads with active compile tasks:
C2 CompilerThread1     4760 2572   !   4       java.io.BufferedInputStream::read (69 bytes)
C2 CompilerThread2     4761 2435   !   4       jdk.internal.loader.BuiltinClassLoader::loadClassOrNull (143 bytes)
Total: 2

VM state: not at safepoint (normal execution)

VM Mutex/Monitor currently owned by a thread: None

Heap address: 0x0000000704e00000, size: 4018 MB, Compressed Oops mode: Zero based, Oop shift amount: 3

CDS archive(s) mapped at: [0x0000029f00000000-0x0000029f00c90000-0x0000029f00c90000), size 13172736, SharedBaseAddress: 0x0000029f00000000, ArchiveRelocationMode: 1.
Compressed class space mapped at: 0x0000029f01000000-0x0000029f41000000, reserved size: 1073741824
Narrow klass base: 0x0000029f00000000, Narrow klass shift: 0, Narrow klass range: 0x100000000

GC Precious Log:
 CardTable entry size: 512
 Card Set container configuration: InlinePtr #cards 4 size 8 Array Of Cards #cards 16 size 48 Howl #buckets 8 coarsen threshold 3686 Howl Bitmap #cards 512 size 80 coarsen threshold 460 Card regions per heap region 1 cards per card region 4096
 CPUs: 12 total, 12 available
 Memory: 16068M
 Large Page Support: Disabled
 NUMA Support: Disabled
 Compressed Oops: Enabled (Zero based)
 Heap Region Size: 2M
 Heap Min Capacity: 8M
 Heap Initial Capacity: 252M
 Heap Max Capacity: 4018M
 Pre-touch: Disabled
 Parallel Workers: 10
 Concurrent Workers: 3
 Concurrent Refinement Workers: 10
 Periodic GC: Disabled

Heap:
 garbage-first heap   total 258048K, used 30253K [0x0000000704e00000, 0x0000000800000000)
  region size 2048K, 12 young (24576K), 3 survivors (6144K)
 Metaspace       used 19455K, committed 19776K, reserved 1114112K
  class space    used 2423K, committed 2560K, reserved 1048576K

Heap Regions: E=young(eden), S=young(survivor), O=old, HS=humongous(starts), HC=humongous(continues), CS=collection set, F=free, TAMS=top-at-mark-start, PB=parsable bottom
|   0|0x0000000704e00000, 0x0000000705000000, 0x0000000705000000|100%| O|  |TAMS 0x0000000704e00000| PB 0x0000000704e00000| Untracked 
|   1|0x0000000705000000, 0x0000000705200000, 0x0000000705200000|100%| O|  |TAMS 0x0000000705000000| PB 0x0000000705000000| Untracked 
|   2|0x0000000705200000, 0x0000000705400000, 0x0000000705400000|100%| O|  |TAMS 0x0000000705200000| PB 0x0000000705200000| Untracked 
|   3|0x0000000705400000, 0x0000000705600000, 0x0000000705600000|100%| O|  |TAMS 0x0000000705400000| PB 0x0000000705400000| Untracked 
|   4|0x0000000705600000, 0x0000000705800000, 0x0000000705800000|100%| O|  |TAMS 0x0000000705600000| PB 0x0000000705600000| Untracked 
|   5|0x0000000705800000, 0x00000007058e0ef0, 0x0000000705a00000| 43%| O|  |TAMS 0x0000000705800000| PB 0x0000000705800000| Untracked 
|   6|0x0000000705a00000, 0x0000000705a00000, 0x0000000705c00000|  0%| F|  |TAMS 0x0000000705a00000| PB 0x0000000705a00000| Untracked 
|   7|0x0000000705c00000, 0x0000000705c00000, 0x0000000705e00000|  0%| F|  |TAMS 0x0000000705c00000| PB 0x0000000705c00000| Untracked 
|   8|0x0000000705e00000, 0x0000000705e00000, 0x0000000706000000|  0%| F|  |TAMS 0x0000000705e00000| PB 0x0000000705e00000| Untracked 
|   9|0x0000000706000000, 0x0000000706000000, 0x0000000706200000|  0%| F|  |TAMS 0x0000000706000000| PB 0x0000000706000000| Untracked 
|  10|0x0000000706200000, 0x0000000706200000, 0x0000000706400000|  0%| F|  |TAMS 0x0000000706200000| PB 0x0000000706200000| Untracked 
|  11|0x0000000706400000, 0x0000000706400000, 0x0000000706600000|  0%| F|  |TAMS 0x0000000706400000| PB 0x0000000706400000| Untracked 
|  12|0x0000000706600000, 0x0000000706600000, 0x0000000706800000|  0%| F|  |TAMS 0x0000000706600000| PB 0x0000000706600000| Untracked 
|  13|0x0000000706800000, 0x0000000706800000, 0x0000000706a00000|  0%| F|  |TAMS 0x0000000706800000| PB 0x0000000706800000| Untracked 
|  14|0x0000000706a00000, 0x0000000706a00000, 0x0000000706c00000|  0%| F|  |TAMS 0x0000000706a00000| PB 0x0000000706a00000| Untracked 
|  15|0x0000000706c00000, 0x0000000706c00000, 0x0000000706e00000|  0%| F|  |TAMS 0x0000000706c00000| PB 0x0000000706c00000| Untracked 
|  16|0x0000000706e00000, 0x0000000706e00000, 0x0000000707000000|  0%| F|  |TAMS 0x0000000706e00000| PB 0x0000000706e00000| Untracked 
|  17|0x0000000707000000, 0x0000000707000000, 0x0000000707200000|  0%| F|  |TAMS 0x0000000707000000| PB 0x0000000707000000| Untracked 
|  18|0x0000000707200000, 0x0000000707200000, 0x0000000707400000|  0%| F|  |TAMS 0x0000000707200000| PB 0x0000000707200000| Untracked 
|  19|0x0000000707400000, 0x0000000707400000, 0x0000000707600000|  0%| F|  |TAMS 0x0000000707400000| PB 0x0000000707400000| Untracked 
|  20|0x0000000707600000, 0x0000000707600000, 0x0000000707800000|  0%| F|  |TAMS 0x0000000707600000| PB 0x0000000707600000| Untracked 
|  21|0x0000000707800000, 0x0000000707800000, 0x0000000707a00000|  0%| F|  |TAMS 0x0000000707800000| PB 0x0000000707800000| Untracked 
|  22|0x0000000707a00000, 0x0000000707a00000, 0x0000000707c00000|  0%| F|  |TAMS 0x0000000707a00000| PB 0x0000000707a00000| Untracked 
|  23|0x0000000707c00000, 0x0000000707c00000, 0x0000000707e00000|  0%| F|  |TAMS 0x0000000707c00000| PB 0x0000000707c00000| Untracked 
|  24|0x0000000707e00000, 0x0000000707e00000, 0x0000000708000000|  0%| F|  |TAMS 0x0000000707e00000| PB 0x0000000707e00000| Untracked 
|  25|0x0000000708000000, 0x0000000708000000, 0x0000000708200000|  0%| F|  |TAMS 0x0000000708000000| PB 0x0000000708000000| Untracked 
|  26|0x0000000708200000, 0x0000000708200000, 0x0000000708400000|  0%| F|  |TAMS 0x0000000708200000| PB 0x0000000708200000| Untracked 
|  27|0x0000000708400000, 0x0000000708400000, 0x0000000708600000|  0%| F|  |TAMS 0x0000000708400000| PB 0x0000000708400000| Untracked 
|  28|0x0000000708600000, 0x0000000708600000, 0x0000000708800000|  0%| F|  |TAMS 0x0000000708600000| PB 0x0000000708600000| Untracked 
|  29|0x0000000708800000, 0x0000000708800000, 0x0000000708a00000|  0%| F|  |TAMS 0x0000000708800000| PB 0x0000000708800000| Untracked 
|  30|0x0000000708a00000, 0x0000000708a00000, 0x0000000708c00000|  0%| F|  |TAMS 0x0000000708a00000| PB 0x0000000708a00000| Untracked 
|  31|0x0000000708c00000, 0x0000000708c00000, 0x0000000708e00000|  0%| F|  |TAMS 0x0000000708c00000| PB 0x0000000708c00000| Untracked 
|  32|0x0000000708e00000, 0x0000000708e00000, 0x0000000709000000|  0%| F|  |TAMS 0x0000000708e00000| PB 0x0000000708e00000| Untracked 
|  33|0x0000000709000000, 0x0000000709000000, 0x0000000709200000|  0%| F|  |TAMS 0x0000000709000000| PB 0x0000000709000000| Untracked 
|  34|0x0000000709200000, 0x0000000709200000, 0x0000000709400000|  0%| F|  |TAMS 0x0000000709200000| PB 0x0000000709200000| Untracked 
|  35|0x0000000709400000, 0x0000000709400000, 0x0000000709600000|  0%| F|  |TAMS 0x0000000709400000| PB 0x0000000709400000| Untracked 
|  36|0x0000000709600000, 0x0000000709600000, 0x0000000709800000|  0%| F|  |TAMS 0x0000000709600000| PB 0x0000000709600000| Untracked 
|  37|0x0000000709800000, 0x0000000709800000, 0x0000000709a00000|  0%| F|  |TAMS 0x0000000709800000| PB 0x0000000709800000| Untracked 
|  38|0x0000000709a00000, 0x0000000709a00000, 0x0000000709c00000|  0%| F|  |TAMS 0x0000000709a00000| PB 0x0000000709a00000| Untracked 
|  39|0x0000000709c00000, 0x0000000709c00000, 0x0000000709e00000|  0%| F|  |TAMS 0x0000000709c00000| PB 0x0000000709c00000| Untracked 
|  40|0x0000000709e00000, 0x0000000709e00000, 0x000000070a000000|  0%| F|  |TAMS 0x0000000709e00000| PB 0x0000000709e00000| Untracked 
|  41|0x000000070a000000, 0x000000070a000000, 0x000000070a200000|  0%| F|  |TAMS 0x000000070a000000| PB 0x000000070a000000| Untracked 
|  42|0x000000070a200000, 0x000000070a200000, 0x000000070a400000|  0%| F|  |TAMS 0x000000070a200000| PB 0x000000070a200000| Untracked 
|  43|0x000000070a400000, 0x000000070a400000, 0x000000070a600000|  0%| F|  |TAMS 0x000000070a400000| PB 0x000000070a400000| Untracked 
|  44|0x000000070a600000, 0x000000070a600000, 0x000000070a800000|  0%| F|  |TAMS 0x000000070a600000| PB 0x000000070a600000| Untracked 
|  45|0x000000070a800000, 0x000000070a800000, 0x000000070aa00000|  0%| F|  |TAMS 0x000000070a800000| PB 0x000000070a800000| Untracked 
|  46|0x000000070aa00000, 0x000000070aa00000, 0x000000070ac00000|  0%| F|  |TAMS 0x000000070aa00000| PB 0x000000070aa00000| Untracked 
|  47|0x000000070ac00000, 0x000000070ac00000, 0x000000070ae00000|  0%| F|  |TAMS 0x000000070ac00000| PB 0x000000070ac00000| Untracked 
|  48|0x000000070ae00000, 0x000000070ae00000, 0x000000070b000000|  0%| F|  |TAMS 0x000000070ae00000| PB 0x000000070ae00000| Untracked 
|  49|0x000000070b000000, 0x000000070b000000, 0x000000070b200000|  0%| F|  |TAMS 0x000000070b000000| PB 0x000000070b000000| Untracked 
|  50|0x000000070b200000, 0x000000070b200000, 0x000000070b400000|  0%| F|  |TAMS 0x000000070b200000| PB 0x000000070b200000| Untracked 
|  51|0x000000070b400000, 0x000000070b400000, 0x000000070b600000|  0%| F|  |TAMS 0x000000070b400000| PB 0x000000070b400000| Untracked 
|  52|0x000000070b600000, 0x000000070b600000, 0x000000070b800000|  0%| F|  |TAMS 0x000000070b600000| PB 0x000000070b600000| Untracked 
|  53|0x000000070b800000, 0x000000070b800000, 0x000000070ba00000|  0%| F|  |TAMS 0x000000070b800000| PB 0x000000070b800000| Untracked 
|  54|0x000000070ba00000, 0x000000070ba00000, 0x000000070bc00000|  0%| F|  |TAMS 0x000000070ba00000| PB 0x000000070ba00000| Untracked 
|  55|0x000000070bc00000, 0x000000070bc00000, 0x000000070be00000|  0%| F|  |TAMS 0x000000070bc00000| PB 0x000000070bc00000| Untracked 
|  56|0x000000070be00000, 0x000000070be00000, 0x000000070c000000|  0%| F|  |TAMS 0x000000070be00000| PB 0x000000070be00000| Untracked 
|  57|0x000000070c000000, 0x000000070c000000, 0x000000070c200000|  0%| F|  |TAMS 0x000000070c000000| PB 0x000000070c000000| Untracked 
|  58|0x000000070c200000, 0x000000070c200000, 0x000000070c400000|  0%| F|  |TAMS 0x000000070c200000| PB 0x000000070c200000| Untracked 
|  59|0x000000070c400000, 0x000000070c400000, 0x000000070c600000|  0%| F|  |TAMS 0x000000070c400000| PB 0x000000070c400000| Untracked 
|  60|0x000000070c600000, 0x000000070c600000, 0x000000070c800000|  0%| F|  |TAMS 0x000000070c600000| PB 0x000000070c600000| Untracked 
|  61|0x000000070c800000, 0x000000070c800000, 0x000000070ca00000|  0%| F|  |TAMS 0x000000070c800000| PB 0x000000070c800000| Untracked 
|  62|0x000000070ca00000, 0x000000070ca00000, 0x000000070cc00000|  0%| F|  |TAMS 0x000000070ca00000| PB 0x000000070ca00000| Untracked 
|  63|0x000000070cc00000, 0x000000070cc00000, 0x000000070ce00000|  0%| F|  |TAMS 0x000000070cc00000| PB 0x000000070cc00000| Untracked 
|  64|0x000000070ce00000, 0x000000070ce00000, 0x000000070d000000|  0%| F|  |TAMS 0x000000070ce00000| PB 0x000000070ce00000| Untracked 
|  65|0x000000070d000000, 0x000000070d000000, 0x000000070d200000|  0%| F|  |TAMS 0x000000070d000000| PB 0x000000070d000000| Untracked 
|  66|0x000000070d200000, 0x000000070d200000, 0x000000070d400000|  0%| F|  |TAMS 0x000000070d200000| PB 0x000000070d200000| Untracked 
|  67|0x000000070d400000, 0x000000070d400000, 0x000000070d600000|  0%| F|  |TAMS 0x000000070d400000| PB 0x000000070d400000| Untracked 
|  68|0x000000070d600000, 0x000000070d600000, 0x000000070d800000|  0%| F|  |TAMS 0x000000070d600000| PB 0x000000070d600000| Untracked 
|  69|0x000000070d800000, 0x000000070d800000, 0x000000070da00000|  0%| F|  |TAMS 0x000000070d800000| PB 0x000000070d800000| Untracked 
|  70|0x000000070da00000, 0x000000070da00000, 0x000000070dc00000|  0%| F|  |TAMS 0x000000070da00000| PB 0x000000070da00000| Untracked 
|  71|0x000000070dc00000, 0x000000070dc00000, 0x000000070de00000|  0%| F|  |TAMS 0x000000070dc00000| PB 0x000000070dc00000| Untracked 
|  72|0x000000070de00000, 0x000000070de00000, 0x000000070e000000|  0%| F|  |TAMS 0x000000070de00000| PB 0x000000070de00000| Untracked 
|  73|0x000000070e000000, 0x000000070e000000, 0x000000070e200000|  0%| F|  |TAMS 0x000000070e000000| PB 0x000000070e000000| Untracked 
|  74|0x000000070e200000, 0x000000070e200000, 0x000000070e400000|  0%| F|  |TAMS 0x000000070e200000| PB 0x000000070e200000| Untracked 
|  75|0x000000070e400000, 0x000000070e400000, 0x000000070e600000|  0%| F|  |TAMS 0x000000070e400000| PB 0x000000070e400000| Untracked 
|  76|0x000000070e600000, 0x000000070e600000, 0x000000070e800000|  0%| F|  |TAMS 0x000000070e600000| PB 0x000000070e600000| Untracked 
|  77|0x000000070e800000, 0x000000070e800000, 0x000000070ea00000|  0%| F|  |TAMS 0x000000070e800000| PB 0x000000070e800000| Untracked 
|  78|0x000000070ea00000, 0x000000070ea00000, 0x000000070ec00000|  0%| F|  |TAMS 0x000000070ea00000| PB 0x000000070ea00000| Untracked 
|  79|0x000000070ec00000, 0x000000070ec00000, 0x000000070ee00000|  0%| F|  |TAMS 0x000000070ec00000| PB 0x000000070ec00000| Untracked 
|  80|0x000000070ee00000, 0x000000070ee00000, 0x000000070f000000|  0%| F|  |TAMS 0x000000070ee00000| PB 0x000000070ee00000| Untracked 
|  81|0x000000070f000000, 0x000000070f000000, 0x000000070f200000|  0%| F|  |TAMS 0x000000070f000000| PB 0x000000070f000000| Untracked 
|  82|0x000000070f200000, 0x000000070f200000, 0x000000070f400000|  0%| F|  |TAMS 0x000000070f200000| PB 0x000000070f200000| Untracked 
|  83|0x000000070f400000, 0x000000070f400000, 0x000000070f600000|  0%| F|  |TAMS 0x000000070f400000| PB 0x000000070f400000| Untracked 
|  84|0x000000070f600000, 0x000000070f600000, 0x000000070f800000|  0%| F|  |TAMS 0x000000070f600000| PB 0x000000070f600000| Untracked 
|  85|0x000000070f800000, 0x000000070f800000, 0x000000070fa00000|  0%| F|  |TAMS 0x000000070f800000| PB 0x000000070f800000| Untracked 
|  86|0x000000070fa00000, 0x000000070fa00000, 0x000000070fc00000|  0%| F|  |TAMS 0x000000070fa00000| PB 0x000000070fa00000| Untracked 
|  87|0x000000070fc00000, 0x000000070fc00000, 0x000000070fe00000|  0%| F|  |TAMS 0x000000070fc00000| PB 0x000000070fc00000| Untracked 
|  88|0x000000070fe00000, 0x000000070fe00000, 0x0000000710000000|  0%| F|  |TAMS 0x000000070fe00000| PB 0x000000070fe00000| Untracked 
|  89|0x0000000710000000, 0x0000000710000000, 0x0000000710200000|  0%| F|  |TAMS 0x0000000710000000| PB 0x0000000710000000| Untracked 
|  90|0x0000000710200000, 0x0000000710200000, 0x0000000710400000|  0%| F|  |TAMS 0x0000000710200000| PB 0x0000000710200000| Untracked 
|  91|0x0000000710400000, 0x0000000710400000, 0x0000000710600000|  0%| F|  |TAMS 0x0000000710400000| PB 0x0000000710400000| Untracked 
|  92|0x0000000710600000, 0x0000000710600000, 0x0000000710800000|  0%| F|  |TAMS 0x0000000710600000| PB 0x0000000710600000| Untracked 
|  93|0x0000000710800000, 0x0000000710800000, 0x0000000710a00000|  0%| F|  |TAMS 0x0000000710800000| PB 0x0000000710800000| Untracked 
|  94|0x0000000710a00000, 0x0000000710a00000, 0x0000000710c00000|  0%| F|  |TAMS 0x0000000710a00000| PB 0x0000000710a00000| Untracked 
|  95|0x0000000710c00000, 0x0000000710c00000, 0x0000000710e00000|  0%| F|  |TAMS 0x0000000710c00000| PB 0x0000000710c00000| Untracked 
|  96|0x0000000710e00000, 0x0000000710e00000, 0x0000000711000000|  0%| F|  |TAMS 0x0000000710e00000| PB 0x0000000710e00000| Untracked 
|  97|0x0000000711000000, 0x00000007110aa5a0, 0x0000000711200000| 33%| S|CS|TAMS 0x0000000711000000| PB 0x0000000711000000| Complete 
|  98|0x0000000711200000, 0x0000000711400000, 0x0000000711400000|100%| S|CS|TAMS 0x0000000711200000| PB 0x0000000711200000| Complete 
|  99|0x0000000711400000, 0x0000000711600000, 0x0000000711600000|100%| S|CS|TAMS 0x0000000711400000| PB 0x0000000711400000| Complete 
| 100|0x0000000711600000, 0x0000000711600000, 0x0000000711800000|  0%| F|  |TAMS 0x0000000711600000| PB 0x0000000711600000| Untracked 
| 101|0x0000000711800000, 0x0000000711800000, 0x0000000711a00000|  0%| F|  |TAMS 0x0000000711800000| PB 0x0000000711800000| Untracked 
| 102|0x0000000711a00000, 0x0000000711a00000, 0x0000000711c00000|  0%| F|  |TAMS 0x0000000711a00000| PB 0x0000000711a00000| Untracked 
| 103|0x0000000711c00000, 0x0000000711c00000, 0x0000000711e00000|  0%| F|  |TAMS 0x0000000711c00000| PB 0x0000000711c00000| Untracked 
| 104|0x0000000711e00000, 0x0000000711e00000, 0x0000000712000000|  0%| F|  |TAMS 0x0000000711e00000| PB 0x0000000711e00000| Untracked 
| 105|0x0000000712000000, 0x0000000712000000, 0x0000000712200000|  0%| F|  |TAMS 0x0000000712000000| PB 0x0000000712000000| Untracked 
| 106|0x0000000712200000, 0x0000000712200000, 0x0000000712400000|  0%| F|  |TAMS 0x0000000712200000| PB 0x0000000712200000| Untracked 
| 107|0x0000000712400000, 0x0000000712400000, 0x0000000712600000|  0%| F|  |TAMS 0x0000000712400000| PB 0x0000000712400000| Untracked 
| 108|0x0000000712600000, 0x0000000712600000, 0x0000000712800000|  0%| F|  |TAMS 0x0000000712600000| PB 0x0000000712600000| Untracked 
| 109|0x0000000712800000, 0x0000000712800000, 0x0000000712a00000|  0%| F|  |TAMS 0x0000000712800000| PB 0x0000000712800000| Untracked 
| 110|0x0000000712a00000, 0x0000000712a00000, 0x0000000712c00000|  0%| F|  |TAMS 0x0000000712a00000| PB 0x0000000712a00000| Untracked 
| 111|0x0000000712c00000, 0x0000000712c00000, 0x0000000712e00000|  0%| F|  |TAMS 0x0000000712c00000| PB 0x0000000712c00000| Untracked 
| 112|0x0000000712e00000, 0x0000000712e00000, 0x0000000713000000|  0%| F|  |TAMS 0x0000000712e00000| PB 0x0000000712e00000| Untracked 
| 113|0x0000000713000000, 0x0000000713000000, 0x0000000713200000|  0%| F|  |TAMS 0x0000000713000000| PB 0x0000000713000000| Untracked 
| 114|0x0000000713200000, 0x0000000713200000, 0x0000000713400000|  0%| F|  |TAMS 0x0000000713200000| PB 0x0000000713200000| Untracked 
| 115|0x0000000713400000, 0x0000000713400000, 0x0000000713600000|  0%| F|  |TAMS 0x0000000713400000| PB 0x0000000713400000| Untracked 
| 116|0x0000000713600000, 0x0000000713600000, 0x0000000713800000|  0%| F|  |TAMS 0x0000000713600000| PB 0x0000000713600000| Untracked 
| 117|0x0000000713800000, 0x00000007139bcf60, 0x0000000713a00000| 86%| E|  |TAMS 0x0000000713800000| PB 0x0000000713800000| Complete 
| 118|0x0000000713a00000, 0x0000000713c00000, 0x0000000713c00000|100%| E|CS|TAMS 0x0000000713a00000| PB 0x0000000713a00000| Complete 
| 119|0x0000000713c00000, 0x0000000713e00000, 0x0000000713e00000|100%| E|CS|TAMS 0x0000000713c00000| PB 0x0000000713c00000| Complete 
| 120|0x0000000713e00000, 0x0000000714000000, 0x0000000714000000|100%| E|CS|TAMS 0x0000000713e00000| PB 0x0000000713e00000| Complete 
| 121|0x0000000714000000, 0x0000000714200000, 0x0000000714200000|100%| E|CS|TAMS 0x0000000714000000| PB 0x0000000714000000| Complete 
| 122|0x0000000714200000, 0x0000000714400000, 0x0000000714400000|100%| E|CS|TAMS 0x0000000714200000| PB 0x0000000714200000| Complete 
| 123|0x0000000714400000, 0x0000000714600000, 0x0000000714600000|100%| E|CS|TAMS 0x0000000714400000| PB 0x0000000714400000| Complete 
| 124|0x0000000714600000, 0x0000000714800000, 0x0000000714800000|100%| E|  |TAMS 0x0000000714600000| PB 0x0000000714600000| Complete 
| 125|0x0000000714800000, 0x0000000714a00000, 0x0000000714a00000|100%| E|CS|TAMS 0x0000000714800000| PB 0x0000000714800000| Complete 

Card table byte_map: [0x0000029f5c020000,0x0000029f5c800000] _byte_map_base: 0x0000029f587f9000

Marking Bits: (CMBitMap*) 0x0000029f43f0c9c0
 Bits: [0x0000029f5c800000, 0x0000029f606c8000)

Polling page: 0x0000029f41d10000

Metaspace:

Usage:
  Non-class:     16.63 MB used.
      Class:      2.37 MB used.
       Both:     19.00 MB used.

Virtual space:
  Non-class space:       64.00 MB reserved,      16.81 MB ( 26%) committed,  1 nodes.
      Class space:        1.00 GB reserved,       2.50 MB ( <1%) committed,  1 nodes.
             Both:        1.06 GB reserved,      19.31 MB (  2%) committed. 

Chunk freelists:
   Non-Class:  15.03 MB
       Class:  13.52 MB
        Both:  28.55 MB

MaxMetaspaceSize: unlimited
CompressedClassSpaceSize: 1.00 GB
Initial GC threshold: 21.00 MB
Current GC threshold: 21.00 MB
CDS: on
 - commit_granule_bytes: 65536.
 - commit_granule_words: 8192.
 - virtual_space_node_default_size: 8388608.
 - enlarge_chunks_in_place: 1.
 - use_allocation_guard: 0.


Internal statistics:

num_allocs_failed_limit: 0.
num_arena_births: 302.
num_arena_deaths: 0.
num_vsnodes_births: 2.
num_vsnodes_deaths: 0.
num_space_committed: 309.
num_space_uncommitted: 0.
num_chunks_returned_to_freelist: 0.
num_chunks_taken_from_freelist: 943.
num_chunk_merges: 0.
num_chunk_splits: 644.
num_chunks_enlarged: 480.
num_inconsistent_stats: 0.

CodeHeap 'non-profiled nmethods': size=120000Kb used=1106Kb max_used=1106Kb free=118893Kb
 bounds [0x0000029f53dc0000, 0x0000029f54030000, 0x0000029f5b2f0000]
CodeHeap 'profiled nmethods': size=120000Kb used=4987Kb max_used=4987Kb free=115012Kb
 bounds [0x0000029f4c2f0000, 0x0000029f4c7d0000, 0x0000029f53820000]
CodeHeap 'non-nmethods': size=5760Kb used=1430Kb max_used=1447Kb free=4329Kb
 bounds [0x0000029f53820000, 0x0000029f53a90000, 0x0000029f53dc0000]
 total_blobs=3091 nmethods=2569 adapters=426
 compilation: enabled
              stopped_count=0, restarted_count=0
 full_count=0

Compilation events (20 events):
Event: 3.661 Thread 0x0000029f634834b0 2551       1       java.util.stream.Collectors$CollectorImpl::supplier (5 bytes)
Event: 3.662 Thread 0x0000029f634834b0 nmethod 2551 0x0000029f53ed3610 code [0x0000029f53ed37a0, 0x0000029f53ed3870]
Event: 3.662 Thread 0x0000029f634834b0 2552       1       java.util.stream.Collectors$CollectorImpl::accumulator (5 bytes)
Event: 3.662 Thread 0x0000029f634834b0 nmethod 2552 0x0000029f53ed3910 code [0x0000029f53ed3aa0, 0x0000029f53ed3b70]
Event: 3.663 Thread 0x0000029f634834b0 2553       1       java.util.stream.Collectors$CollectorImpl::combiner (5 bytes)
Event: 3.663 Thread 0x0000029f634834b0 nmethod 2553 0x0000029f53ed3c10 code [0x0000029f53ed3da0, 0x0000029f53ed3e70]
Event: 3.675 Thread 0x0000029f634834b0 2556       3       org.springframework.core.annotation.TypeMappedAnnotation::createIfPossible (58 bytes)
Event: 3.676 Thread 0x0000029f634834b0 nmethod 2556 0x0000029f4c7c7e90 code [0x0000029f4c7c80a0, 0x0000029f4c7c8720]
Event: 3.679 Thread 0x0000029f634834b0 2557       3       java.lang.invoke.DirectMethodHandle$Holder::invokeStatic (17 bytes)
Event: 3.680 Thread 0x0000029f634834b0 nmethod 2557 0x0000029f4c7c8910 code [0x0000029f4c7c8ae0, 0x0000029f4c7c8e70]
Event: 3.680 Thread 0x0000029f634834b0 2558       1       org.springframework.context.annotation.ConfigurationClassParser$SourceClass::getMetadata (5 bytes)
Event: 3.680 Thread 0x0000029f634834b0 nmethod 2558 0x0000029f53ed3f10 code [0x0000029f53ed40a0, 0x0000029f53ed4170]
Event: 3.697 Thread 0x0000029f634834b0 2559       3       java.io.File::isDirectory (34 bytes)
Event: 3.697 Thread 0x0000029f634834b0 nmethod 2559 0x0000029f4c7c8f90 code [0x0000029f4c7c9180, 0x0000029f4c7c9590]
Event: 3.699 Thread 0x0000029f634834b0 2560       3       org.springframework.asm.ClassReader::readParameterAnnotations (106 bytes)
Event: 3.701 Thread 0x0000029f634834b0 nmethod 2560 0x0000029f4c7c9710 code [0x0000029f4c7c9960, 0x0000029f4c7ca520]
Event: 3.701 Thread 0x0000029f634834b0 2561       3       java.util.LinkedHashSet::<init> (10 bytes)
Event: 3.701 Thread 0x0000029f634834b0 nmethod 2561 0x0000029f4c7caa90 code [0x0000029f4c7cac60, 0x0000029f4c7cadb8]
Event: 3.707 Thread 0x0000029f634834b0 2562       1       java.util.stream.ReduceOps$Box::get (5 bytes)
Event: 3.707 Thread 0x0000029f634834b0 nmethod 2562 0x0000029f53ed4210 code [0x0000029f53ed43a0, 0x0000029f53ed4470]

GC Heap History (6 events):
Event: 0.924 GC heap before
{Heap before GC invocations=0 (full 0):
 garbage-first heap   total 258048K, used 20480K [0x0000000704e00000, 0x0000000800000000)
  region size 2048K, 11 young (22528K), 0 survivors (0K)
 Metaspace       used 2918K, committed 3136K, reserved 1114112K
  class space    used 268K, committed 384K, reserved 1048576K
}
Event: 0.930 GC heap after
{Heap after GC invocations=1 (full 0):
 garbage-first heap   total 258048K, used 10573K [0x0000000704e00000, 0x0000000800000000)
  region size 2048K, 2 young (4096K), 2 survivors (4096K)
 Metaspace       used 2918K, committed 3136K, reserved 1114112K
  class space    used 268K, committed 384K, reserved 1048576K
}
Event: 1.354 GC heap before
{Heap before GC invocations=1 (full 0):
 garbage-first heap   total 258048K, used 29005K [0x0000000704e00000, 0x0000000800000000)
  region size 2048K, 11 young (22528K), 2 survivors (4096K)
 Metaspace       used 5044K, committed 5312K, reserved 1114112K
  class space    used 549K, committed 704K, reserved 1048576K
}
Event: 1.357 GC heap after
{Heap after GC invocations=2 (full 0):
 garbage-first heap   total 258048K, used 12166K [0x0000000704e00000, 0x0000000800000000)
  region size 2048K, 1 young (2048K), 1 survivors (2048K)
 Metaspace       used 5044K, committed 5312K, reserved 1114112K
  class space    used 549K, committed 704K, reserved 1048576K
}
Event: 2.276 GC heap before
{Heap before GC invocations=2 (full 0):
 garbage-first heap   total 258048K, used 61318K [0x0000000704e00000, 0x0000000800000000)
  region size 2048K, 26 young (53248K), 1 survivors (2048K)
 Metaspace       used 16134K, committed 16448K, reserved 1114112K
  class space    used 2020K, committed 2176K, reserved 1048576K
}
Event: 2.281 GC heap after
{Heap after GC invocations=3 (full 0):
 garbage-first heap   total 258048K, used 15917K [0x0000000704e00000, 0x0000000800000000)
  region size 2048K, 3 young (6144K), 3 survivors (6144K)
 Metaspace       used 16134K, committed 16448K, reserved 1114112K
  class space    used 2020K, committed 2176K, reserved 1048576K
}

Dll operation events (12 events):
Event: 0.012 Loaded shared library C:\Program Files\Java\jdk-21\bin\java.dll
Event: 0.058 Loaded shared library C:\Program Files\Java\jdk-21\bin\jsvml.dll
Event: 0.213 Loaded shared library C:\Program Files\Java\jdk-21\bin\zip.dll
Event: 0.218 Loaded shared library C:\Program Files\Java\jdk-21\bin\instrument.dll
Event: 0.224 Loaded shared library C:\Program Files\Java\jdk-21\bin\net.dll
Event: 0.227 Loaded shared library C:\Program Files\Java\jdk-21\bin\nio.dll
Event: 0.230 Loaded shared library C:\Program Files\Java\jdk-21\bin\zip.dll
Event: 0.655 Loaded shared library C:\Program Files\Java\jdk-21\bin\extnet.dll
Event: 0.680 Loaded shared library C:\Program Files\Java\jdk-21\bin\verify.dll
Event: 0.731 Loaded shared library C:\Program Files\Java\jdk-21\bin\jimage.dll
Event: 1.234 Loaded shared library C:\Program Files\Java\jdk-21\bin\management.dll
Event: 1.238 Loaded shared library C:\Program Files\Java\jdk-21\bin\management_ext.dll

Deoptimization events (20 events):
Event: 2.294 Thread 0x0000029f635970f0 Uncommon trap: trap_request=0xffffff45 fr.pc=0x0000029f53e4cef4 relative=0x0000000000000054
Event: 2.294 Thread 0x0000029f635970f0 Uncommon trap: reason=unstable_if action=reinterpret pc=0x0000029f53e4cef4 method=java.lang.CharacterData.of(I)Ljava/lang/CharacterData; @ 4 c2
Event: 2.294 Thread 0x0000029f635970f0 DEOPT PACKING pc=0x0000029f53e4cef4 sp=0x000000acce6fcf90
Event: 2.294 Thread 0x0000029f635970f0 DEOPT UNPACKING pc=0x0000029f538746a2 sp=0x000000acce6fcf30 mode 2
Event: 2.414 Thread 0x0000029f635970f0 Uncommon trap: trap_request=0xffffffde fr.pc=0x0000029f53ebad5c relative=0x000000000000059c
Event: 2.414 Thread 0x0000029f635970f0 Uncommon trap: reason=class_check action=maybe_recompile pc=0x0000029f53ebad5c method=java.util.regex.Pattern$Start.match(Ljava/util/regex/Matcher;ILjava/lang/CharSequence;)Z @ 44 c2
Event: 2.414 Thread 0x0000029f635970f0 DEOPT PACKING pc=0x0000029f53ebad5c sp=0x000000acce6fdb70
Event: 2.414 Thread 0x0000029f635970f0 DEOPT UNPACKING pc=0x0000029f538746a2 sp=0x000000acce6fdac0 mode 2
Event: 2.414 Thread 0x0000029f635970f0 Uncommon trap: trap_request=0xffffffde fr.pc=0x0000029f53ebad5c relative=0x000000000000059c
Event: 2.414 Thread 0x0000029f635970f0 Uncommon trap: reason=class_check action=maybe_recompile pc=0x0000029f53ebad5c method=java.util.regex.Pattern$Start.match(Ljava/util/regex/Matcher;ILjava/lang/CharSequence;)Z @ 44 c2
Event: 2.414 Thread 0x0000029f635970f0 DEOPT PACKING pc=0x0000029f53ebad5c sp=0x000000acce6fdb70
Event: 2.414 Thread 0x0000029f635970f0 DEOPT UNPACKING pc=0x0000029f538746a2 sp=0x000000acce6fdac0 mode 2
Event: 2.414 Thread 0x0000029f635970f0 Uncommon trap: trap_request=0xffffff6e fr.pc=0x0000029f53ebae54 relative=0x0000000000000694
Event: 2.414 Thread 0x0000029f635970f0 Uncommon trap: reason=loop_limit_check action=maybe_recompile pc=0x0000029f53ebae54 method=java.util.regex.Pattern$Start.match(Ljava/util/regex/Matcher;ILjava/lang/CharSequence;)Z @ 34 c2
Event: 2.414 Thread 0x0000029f635970f0 DEOPT PACKING pc=0x0000029f53ebae54 sp=0x000000acce6fdb70
Event: 2.414 Thread 0x0000029f635970f0 DEOPT UNPACKING pc=0x0000029f538746a2 sp=0x000000acce6fdad0 mode 2
Event: 3.564 Thread 0x0000029f635991c0 Uncommon trap: trap_request=0xffffff45 fr.pc=0x0000029f53e8a744 relative=0x00000000000000a4
Event: 3.564 Thread 0x0000029f635991c0 Uncommon trap: reason=unstable_if action=reinterpret pc=0x0000029f53e8a744 method=java.lang.ref.ReferenceQueue.poll()Ljava/lang/ref/Reference; @ 4 c2
Event: 3.564 Thread 0x0000029f635991c0 DEOPT PACKING pc=0x0000029f53e8a744 sp=0x000000acce5fe590
Event: 3.564 Thread 0x0000029f635991c0 DEOPT UNPACKING pc=0x0000029f538746a2 sp=0x000000acce5fe478 mode 2

Classes loaded (20 events):
Event: 2.472 Loading class javax/xml/stream/XMLInputFactory
Event: 2.472 Loading class javax/xml/stream/XMLInputFactory done
Event: 2.472 Loading class javax/xml/stream/FactoryFinder
Event: 2.472 Loading class javax/xml/stream/FactoryFinder done
Event: 2.472 Loading class jdk/xml/internal/SecuritySupport
Event: 2.473 Loading class jdk/xml/internal/SecuritySupport done
Event: 2.475 Loading class javax/xml/stream/FactoryFinder$1
Event: 2.475 Loading class javax/xml/stream/FactoryFinder$1 done
Event: 3.509 Loading class javax/xml/stream/util/XMLEventAllocator
Event: 3.509 Loading class javax/xml/stream/util/XMLEventAllocator done
Event: 3.596 Loading class javax/xml/stream/FactoryConfigurationError
Event: 3.596 Loading class javax/xml/stream/FactoryConfigurationError done
Event: 3.596 Loading class javax/xml/stream/XMLOutputFactory
Event: 3.597 Loading class javax/xml/stream/XMLOutputFactory done
Event: 3.607 Loading class javax/xml/stream/XMLEventWriter
Event: 3.607 Loading class javax/xml/stream/util/XMLEventConsumer
Event: 3.607 Loading class javax/xml/stream/util/XMLEventConsumer done
Event: 3.607 Loading class javax/xml/stream/XMLEventWriter done
Event: 3.635 Loading class javax/xml/namespace/QName
Event: 3.635 Loading class javax/xml/namespace/QName done

Classes unloaded (0 events):
No events

Classes redefined (0 events):
No events

Internal exceptions (20 events):
Event: 1.689 Thread 0x0000029f635991c0 Exception <a 'java/lang/NoSuchMethodError'{0x0000000713495ef8}: 'java.lang.Object java.lang.invoke.DirectMethodHandle$Holder.invokeStatic(java.lang.Object, long, java.lang.Object)'> (0x0000000713495ef8) 
thrown [s\open\src\hotspot\share\interpreter\linkResolver.cpp, line 773]
Event: 1.689 Thread 0x0000029f635991c0 Exception <a 'java/lang/NoSuchMethodError'{0x0000000713499550}: 'java.lang.Object java.lang.invoke.DirectMethodHandle$Holder.invokeStaticInit(java.lang.Object, long, java.lang.Object)'> (0x0000000713499550) 
thrown [s\open\src\hotspot\share\interpreter\linkResolver.cpp, line 773]
Event: 1.690 Thread 0x0000029f635991c0 Exception <a 'java/lang/NoSuchMethodError'{0x000000071349ecb8}: 'java.lang.Object java.lang.invoke.DirectMethodHandle$Holder.newInvokeSpecial(java.lang.Object, long)'> (0x000000071349ecb8) 
thrown [s\open\src\hotspot\share\interpreter\linkResolver.cpp, line 773]
Event: 1.705 Thread 0x0000029f635991c0 Exception <a 'java/lang/NoSuchMethodError'{0x00000007134e85c0}: 'void java.lang.invoke.DirectMethodHandle$Holder.invokeVirtual(java.lang.Object, java.lang.Object, java.lang.Object, java.lang.Object)'> (0x00000007134e85c0) 
thrown [s\open\src\hotspot\share\interpreter\linkResolver.cpp, line 773]
Event: 1.736 Thread 0x0000029f635991c0 Exception <a 'java/lang/NoSuchMethodError'{0x000000071320a6d8}: 'void java.lang.invoke.DirectMethodHandle$Holder.invokeSpecial(java.lang.Object, java.lang.Object, java.lang.Object, java.lang.Object, java.lang.Object)'> (0x000000071320a6d8) 
thrown [s\open\src\hotspot\share\interpreter\linkResolver.cpp, line 773]
Event: 1.744 Thread 0x0000029f635991c0 Exception <a 'java/lang/IncompatibleClassChangeError'{0x0000000713233a90}: Found class java.lang.Object, but interface was expected> (0x0000000713233a90) 
thrown [s\open\src\hotspot\share\interpreter\linkResolver.cpp, line 840]
Event: 1.752 Thread 0x0000029f635991c0 Exception <a 'java/lang/NoSuchMethodError'{0x0000000713287838}: 'java.lang.Object java.lang.invoke.DirectMethodHandle$Holder.invokeStaticInit(java.lang.Object, int)'> (0x0000000713287838) 
thrown [s\open\src\hotspot\share\interpreter\linkResolver.cpp, line 773]
Event: 1.755 Thread 0x0000029f635991c0 Exception <a 'java/lang/NoSuchMethodError'{0x0000000713291978}: 'java.lang.Object java.lang.invoke.DirectMethodHandle$Holder.invokeStatic(java.lang.Object, int, java.lang.Object)'> (0x0000000713291978) 
thrown [s\open\src\hotspot\share\interpreter\linkResolver.cpp, line 773]
Event: 1.755 Thread 0x0000029f635991c0 Exception <a 'java/lang/NoSuchMethodError'{0x0000000713294fc8}: 'java.lang.Object java.lang.invoke.DirectMethodHandle$Holder.invokeStaticInit(java.lang.Object, int, java.lang.Object)'> (0x0000000713294fc8) 
thrown [s\open\src\hotspot\share\interpreter\linkResolver.cpp, line 773]
Event: 1.877 Thread 0x0000029f635991c0 Exception <a 'java/lang/NoSuchMethodError'{0x0000000712dfbc08}: 'int java.lang.invoke.Invokers$Holder.invokeExact_MT(java.lang.Object, java.lang.Object)'> (0x0000000712dfbc08) 
thrown [s\open\src\hotspot\share\interpreter\linkResolver.cpp, line 773]
Event: 2.084 Thread 0x0000029f635991c0 Exception <a 'java/lang/NoSuchMethodError'{0x00000007120cca10}: 'java.lang.Object java.lang.invoke.DirectMethodHandle$Holder.invokeVirtual(java.lang.Object, java.lang.Object, java.lang.Object)'> (0x00000007120cca10) 
thrown [s\open\src\hotspot\share\interpreter\linkResolver.cpp, line 773]
Event: 2.091 Thread 0x0000029f635991c0 Exception <a 'java/lang/NoSuchMethodError'{0x00000007120e5850}: 'int java.lang.invoke.DirectMethodHandle$Holder.invokeSpecial(java.lang.Object, java.lang.Object, java.lang.Object, java.lang.Object, java.lang.Object)'> (0x00000007120e5850) 
thrown [s\open\src\hotspot\share\interpreter\linkResolver.cpp, line 773]
Event: 2.095 Thread 0x0000029f635991c0 Exception <a 'java/lang/NoSuchMethodError'{0x00000007120ed870}: 'void java.lang.invoke.DirectMethodHandle$Holder.invokeVirtual(java.lang.Object, java.lang.Object)'> (0x00000007120ed870) 
thrown [s\open\src\hotspot\share\interpreter\linkResolver.cpp, line 773]
Event: 2.439 Thread 0x0000029f635970f0 Exception <a 'java/lang/NoSuchMethodError'{0x0000000713c309e8}: 'long java.lang.invoke.DirectMethodHandle$Holder.invokeSpecial(java.lang.Object, java.lang.Object)'> (0x0000000713c309e8) 
thrown [s\open\src\hotspot\share\interpreter\linkResolver.cpp, line 773]
Event: 2.441 Thread 0x0000029f635970f0 Exception <a 'java/lang/NoSuchMethodError'{0x0000000713c3a7c0}: 'long java.lang.invoke.DirectMethodHandle$Holder.invokeStatic(java.lang.Object, java.lang.Object)'> (0x0000000713c3a7c0) 
thrown [s\open\src\hotspot\share\interpreter\linkResolver.cpp, line 773]
Event: 2.441 Thread 0x0000029f635970f0 Exception <a 'java/lang/NoSuchMethodError'{0x0000000713c3db28}: 'long java.lang.invoke.DirectMethodHandle$Holder.invokeStaticInit(java.lang.Object, java.lang.Object)'> (0x0000000713c3db28) 
thrown [s\open\src\hotspot\share\interpreter\linkResolver.cpp, line 773]
Event: 2.442 Thread 0x0000029f635970f0 Exception <a 'java/lang/NoSuchMethodError'{0x0000000713c49eb8}: 'long java.lang.invoke.DirectMethodHandle$Holder.invokeInterface(java.lang.Object, java.lang.Object)'> (0x0000000713c49eb8) 
thrown [s\open\src\hotspot\share\interpreter\linkResolver.cpp, line 773]
Event: 2.442 Thread 0x0000029f635970f0 Exception <a 'java/lang/IncompatibleClassChangeError'{0x0000000713c4d168}: Found class java.lang.Object, but interface was expected> (0x0000000713c4d168) 
thrown [s\open\src\hotspot\share\interpreter\linkResolver.cpp, line 840]
Event: 2.454 Thread 0x0000029f635970f0 Exception <a 'java/lang/NoSuchMethodError'{0x0000000713cb4440}: 'java.lang.Object java.lang.invoke.DirectMethodHandle$Holder.invokeVirtual(java.lang.Object, java.lang.Object, java.lang.Object, java.lang.Object)'> (0x0000000713cb4440) 
thrown [s\open\src\hotspot\share\interpreter\linkResolver.cpp, line 773]
Event: 2.471 Thread 0x0000029f635970f0 Exception <a 'java/lang/NoSuchMethodError'{0x0000000713daad38}: 'java.lang.Object java.lang.invoke.DirectMethodHandle$Holder.invokeStaticInit(java.lang.Object, java.lang.Object, java.lang.Object, java.lang.Object, java.lang.Object)'> (0x0000000713daad38) 
thrown [s\open\src\hotspot\share\interpreter\linkResolver.cpp, line 773]

ZGC Phase Switch (0 events):
No events

VM Operations (20 events):
Event: 1.732 Executing VM operation: HandshakeAllThreads (Deoptimize)
Event: 1.732 Executing VM operation: HandshakeAllThreads (Deoptimize) done
Event: 1.745 Executing VM operation: ICBufferFull
Event: 1.745 Executing VM operation: ICBufferFull done
Event: 1.863 Executing VM operation: HandshakeAllThreads (Deoptimize)
Event: 1.863 Executing VM operation: HandshakeAllThreads (Deoptimize) done
Event: 2.003 Executing VM operation: HandshakeAllThreads (Deoptimize)
Event: 2.003 Executing VM operation: HandshakeAllThreads (Deoptimize) done
Event: 2.069 Executing VM operation: HandshakeAllThreads (Deoptimize)
Event: 2.070 Executing VM operation: HandshakeAllThreads (Deoptimize) done
Event: 2.099 Executing VM operation: HandshakeAllThreads (Deoptimize)
Event: 2.099 Executing VM operation: HandshakeAllThreads (Deoptimize) done
Event: 2.276 Executing VM operation: G1CollectForAllocation (G1 Evacuation Pause)
Event: 2.281 Executing VM operation: G1CollectForAllocation (G1 Evacuation Pause) done
Event: 2.295 Executing VM operation: HandshakeAllThreads (Deoptimize)
Event: 2.295 Executing VM operation: HandshakeAllThreads (Deoptimize) done
Event: 3.304 Executing VM operation: Cleanup
Event: 3.304 Executing VM operation: Cleanup done
Event: 4.309 Executing VM operation: Cleanup
Event: 4.309 Executing VM operation: Cleanup done

Events (18 events):
Event: 0.033 Thread 0x0000029f43ea87c0 Thread added: 0x0000029f43ea87c0
Event: 0.054 Thread 0x0000029f633579e0 Thread added: 0x0000029f633579e0
Event: 0.055 Thread 0x0000029f63358440 Thread added: 0x0000029f63358440
Event: 0.055 Thread 0x0000029f6335c7c0 Thread added: 0x0000029f6335c7c0
Event: 0.055 Thread 0x0000029f6335d350 Thread added: 0x0000029f6335d350
Event: 0.055 Thread 0x0000029f6335f4d0 Thread added: 0x0000029f6335f4d0
Event: 0.055 Thread 0x0000029f63362550 Thread added: 0x0000029f63362550
Event: 0.055 Thread 0x0000029f6336dd20 Thread added: 0x0000029f6336dd20
Event: 0.055 Thread 0x0000029f634834b0 Thread added: 0x0000029f634834b0
Event: 0.194 Thread 0x0000029f63596a60 Thread added: 0x0000029f63596a60
Event: 0.636 Thread 0x0000029f63597780 Thread added: 0x0000029f63597780
Event: 0.636 Thread 0x0000029f63598b30 Thread added: 0x0000029f63598b30
Event: 0.851 Thread 0x0000029f68815480 Thread added: 0x0000029f68815480
Event: 1.348 Thread 0x0000029f68b08fb0 Thread added: 0x0000029f68b08fb0
Event: 1.376 Thread 0x0000029f635963d0 Thread added: 0x0000029f635963d0
Event: 1.379 Thread 0x0000029f635991c0 Thread added: 0x0000029f635991c0
Event: 1.738 Thread 0x0000029f635970f0 Thread added: 0x0000029f635970f0
Event: 3.666 Thread 0x0000029f635970f0 Thread exited: 0x0000029f635970f0


Dynamic libraries:
0x00007ff7ed040000 - 0x00007ff7ed050000 	C:\Program Files\Java\jdk-21\bin\java.exe
0x00007ff967480000 - 0x00007ff9676e7000 	C:\WINDOWS\SYSTEM32\ntdll.dll
0x00007ff965200000 - 0x00007ff9652c9000 	C:\WINDOWS\System32\KERNEL32.DLL
0x00007ff964cb0000 - 0x00007ff9650a7000 	C:\WINDOWS\System32\KERNELBASE.dll
0x00007ff9650b0000 - 0x00007ff9651fb000 	C:\WINDOWS\System32\ucrtbase.dll
0x00007ff95a770000 - 0x00007ff95a789000 	C:\Program Files\Java\jdk-21\bin\jli.dll
0x00007ff94ebb0000 - 0x00007ff94ebcb000 	C:\Program Files\Java\jdk-21\bin\VCRUNTIME140.dll
0x00007ff966cc0000 - 0x00007ff966d76000 	C:\WINDOWS\System32\ADVAPI32.dll
0x00007ff9652f0000 - 0x00007ff965399000 	C:\WINDOWS\System32\msvcrt.dll
0x00007ff965af0000 - 0x00007ff965b97000 	C:\WINDOWS\System32\sechost.dll
0x00007ff966b20000 - 0x00007ff966c38000 	C:\WINDOWS\System32\RPCRT4.dll
0x00007ff967270000 - 0x00007ff967436000 	C:\WINDOWS\System32\USER32.dll
0x00007ff944cf0000 - 0x00007ff944f82000 	C:\WINDOWS\WinSxS\amd64_microsoft.windows.common-controls_6595b64144ccf1df_6.0.26100.8328_none_3e08182ce334b678\COMCTL32.dll
0x00007ff963eb0000 - 0x00007ff963ed7000 	C:\WINDOWS\System32\win32u.dll
0x00007ff966a50000 - 0x00007ff966a7b000 	C:\WINDOWS\System32\GDI32.dll
0x00007ff963ee0000 - 0x00007ff96400c000 	C:\WINDOWS\System32\gdi32full.dll
0x00007ff964c00000 - 0x00007ff964ca3000 	C:\WINDOWS\System32\msvcp_win.dll
0x00007ff946200000 - 0x00007ff94620b000 	C:\WINDOWS\SYSTEM32\VERSION.dll
0x00007ff966290000 - 0x00007ff9662c2000 	C:\WINDOWS\System32\IMM32.DLL
0x00007ff960eb0000 - 0x00007ff960ebc000 	C:\Program Files\Java\jdk-21\bin\vcruntime140_1.dll
0x00007ff94c7e0000 - 0x00007ff94c86e000 	C:\Program Files\Java\jdk-21\bin\msvcp140.dll
0x00007ff8e71f0000 - 0x00007ff8e7f07000 	C:\Program Files\Java\jdk-21\bin\server\jvm.dll
0x00007ff966a90000 - 0x00007ff966b10000 	C:\WINDOWS\System32\WS2_32.dll
0x00007ff963d10000 - 0x00007ff963d6e000 	C:\WINDOWS\SYSTEM32\POWRPROF.dll
0x00007ff958570000 - 0x00007ff9585a6000 	C:\WINDOWS\SYSTEM32\WINMM.dll
0x00007ff963cf0000 - 0x00007ff963d04000 	C:\WINDOWS\SYSTEM32\UMPDC.dll
0x00007ff962c00000 - 0x00007ff962c1b000 	C:\WINDOWS\SYSTEM32\kernel.appcore.dll
0x00007ff95c9a0000 - 0x00007ff95c9aa000 	C:\Program Files\Java\jdk-21\bin\jimage.dll
0x00007ff961b50000 - 0x00007ff961d92000 	C:\WINDOWS\SYSTEM32\DBGHELP.DLL
0x00007ff966ee0000 - 0x00007ff967263000 	C:\WINDOWS\System32\combase.dll
0x00007ff965870000 - 0x00007ff965949000 	C:\WINDOWS\System32\OLEAUT32.dll
0x00007ff941880000 - 0x00007ff9418bb000 	C:\WINDOWS\SYSTEM32\dbgcore.DLL
0x00007ff964b50000 - 0x00007ff964bf8000 	C:\WINDOWS\System32\bcryptPrimitives.dll
0x00007ff94eba0000 - 0x00007ff94ebaf000 	C:\Program Files\Java\jdk-21\bin\instrument.dll
0x00007ff94de60000 - 0x00007ff94de7f000 	C:\Program Files\Java\jdk-21\bin\java.dll
0x00007ff9662d0000 - 0x00007ff966a3e000 	C:\WINDOWS\System32\SHELL32.dll
0x00007ff9642e0000 - 0x00007ff964b4c000 	C:\WINDOWS\System32\windows.storage.dll
0x00007ff966190000 - 0x00007ff966286000 	C:\WINDOWS\System32\SHCORE.dll
0x00007ff965510000 - 0x00007ff965576000 	C:\WINDOWS\System32\shlwapi.dll
0x00007ff963dd0000 - 0x00007ff963df9000 	C:\WINDOWS\SYSTEM32\profapi.dll
0x00007ff948b30000 - 0x00007ff948c07000 	C:\Program Files\Java\jdk-21\bin\jsvml.dll
0x00007ff94c7c0000 - 0x00007ff94c7d8000 	C:\Program Files\Java\jdk-21\bin\zip.dll
0x00007ff94d0b0000 - 0x00007ff94d0c0000 	C:\Program Files\Java\jdk-21\bin\net.dll
0x00007ff95b360000 - 0x00007ff95b489000 	C:\WINDOWS\SYSTEM32\WINHTTP.dll
0x00007ff963150000 - 0x00007ff9631bc000 	C:\WINDOWS\system32\mswsock.dll
0x00007ff94d090000 - 0x00007ff94d0a6000 	C:\Program Files\Java\jdk-21\bin\nio.dll
0x00007ff94c7b0000 - 0x00007ff94c7b9000 	C:\Program Files\Java\jdk-21\bin\extnet.dll
0x00007ff94c780000 - 0x00007ff94c790000 	C:\Program Files\Java\jdk-21\bin\verify.dll
0x00007ff94c7a0000 - 0x00007ff94c7aa000 	C:\Program Files\Java\jdk-21\bin\management.dll
0x00007ff94c790000 - 0x00007ff94c79b000 	C:\Program Files\Java\jdk-21\bin\management_ext.dll
0x00007ff966a80000 - 0x00007ff966a88000 	C:\WINDOWS\System32\PSAPI.DLL

dbghelp: loaded successfully - version: 4.0.5 - missing functions: none
symbol engine: initialized successfully - sym options: 0x614 - pdb path: .;C:\Program Files\Java\jdk-21\bin;C:\WINDOWS\SYSTEM32;C:\WINDOWS\WinSxS\amd64_microsoft.windows.common-controls_6595b64144ccf1df_6.0.26100.8328_none_3e08182ce334b678;C:\Program Files\Java\jdk-21\bin\server

VM Arguments:
jvm_args: -javaagent:C:\Program Files\JetBrains\IntelliJ IDEA Community Edition 2025.2\lib\idea_rt.jar=62394 -Dfile.encoding=UTF-8 -Dsun.stdout.encoding=UTF-8 -Dsun.stderr.encoding=UTF-8 
java_command: bt.ricb.ricb_api.RicbApiApplication
java_class_path (initial): D:\RICB\RICB_backend\target\classes;C:\Users\lekih\.m2\repository\org\springframework\boot\spring-boot-starter-web\3.0.13\spring-boot-starter-web-3.0.13.jar;C:\Users\lekih\.m2\repository\org\springframework\boot\spring-boot-starter\3.0.13\spring-boot-starter-3.0.13.jar;C:\Users\lekih\.m2\repository\org\springframework\boot\spring-boot-starter-logging\3.0.13\spring-boot-starter-logging-3.0.13.jar;C:\Users\lekih\.m2\repository\ch\qos\logback\logback-classic\1.4.11\logback-classic-1.4.11.jar;C:\Users\lekih\.m2\repository\ch\qos\logback\logback-core\1.4.11\logback-core-1.4.11.jar;C:\Users\lekih\.m2\repository\org\apache\logging\log4j\log4j-to-slf4j\2.19.0\log4j-to-slf4j-2.19.0.jar;C:\Users\lekih\.m2\repository\org\apache\logging\log4j\log4j-api\2.19.0\log4j-api-2.19.0.jar;C:\Users\lekih\.m2\repository\org\slf4j\jul-to-slf4j\2.0.9\jul-to-slf4j-2.0.9.jar;C:\Users\lekih\.m2\repository\jakarta\annotation\jakarta.annotation-api\2.1.1\jakarta.annotation-api-2.1.1.jar;C:\Users\lekih\.m2\repository\org\yaml\snakeyaml\1.33\snakeyaml-1.33.jar;C:\Users\lekih\.m2\repository\org\springframework\boot\spring-boot-starter-json\3.0.13\spring-boot-starter-json-3.0.13.jar;C:\Users\lekih\.m2\repository\com\fasterxml\jackson\datatype\jackson-datatype-jdk8\2.14.3\jackson-datatype-jdk8-2.14.3.jar;C:\Users\lekih\.m2\repository\com\fasterxml\jackson\module\jackson-module-parameter-names\2.14.3\jackson-module-parameter-names-2.14.3.jar;C:\Users\lekih\.m2\repository\org\springframework\boot\spring-boot-starter-tomcat\3.0.13\spring-boot-starter-tomcat-3.0.13.jar;C:\Users\lekih\.m2\repository\org\apache\tomcat\embed\tomcat-embed-core\10.1.16\tomcat-embed-core-10.1.16.jar;C:\Users\lekih\.m2\repository\org\apache\tomcat\embed\tomcat-embed-el\10.1.16\tomcat-embed-el-10.1.16.jar;C:\Users\lekih\.m2\repository\org\apache\tomcat\embed\tomcat-embed-websocket\10.1.16\tomcat-embed-websocket-10.1.16.jar;C:\Users\lekih\.m2\repository\org\springframework\spring-web\6.0.14\spring-web-6.0.14.jar;C:\Users\lekih\.m2\repository\org\springframework\spring-beans\6.0.14\spring-beans-6.0.14.jar;C:\Users\lekih\.m2\repository\io\micrometer\micrometer-observation\1.10.13\micrometer-observation-1.10.13.jar;C:\Users\lekih\.m2\repository\io\micrometer\micrometer-commons\1.10.13\micrometer-commons-1.10.13.jar;C:\Users\lekih\.m2\repository\org\springframework\spring-webmvc\6.0.14\spring-webmvc-6.0.14.jar;C:\Users\lekih\.m2\repository\org\springframework\spring-context\6.0.14\spring-context-6.0.14.jar;C:\Users\lekih\.m2\repository\org\springframework\spring-expression\6.0.14\spring-expression-6.0.14.jar;C:\Users\lekih\.m2\repository\com\amazonaws\aws-java-sdk-lambda\1.11.999\aws-java-sdk-lambda-1.11.999.jar;C:\Users\lekih\.m2\repository\com\amazonaws\aws-java-sdk-core\1.11.999\aws-java-sdk-core-1.11.999.jar;C:\Users\lekih\.m2\repository\commons-logging\commons-logging\1.1.3\commons-logging-1.1.3.jar;C:\Users\lekih\.m2\repository\software\amazon\ion\ion-java\1.0.2\ion-java-1.0.2.jar;C:\Users\lekih\.m2\repository\com\fasterxml\jackson\dataformat\jackson-dataformat-cbor\2.14.3\jackson-dataformat-cbor-2.14.3.jar;C:\Users\lekih\.m2\repository\joda-time\joda-time\2.8.1\joda-time-2.8.1.jar;C:\Users\lekih\.m2\repository\com\amazonaws\jmespath-java\1.11.999\jmespath-java-1.11.999.jar;C:\Users\lekih\.m2\repository\com\oracle\database\jdbc\ojdbc8\19.3.0.0\ojdbc8-19.3.0.0.jar;C:\Users\lekih\.m2\repository\com\oracle\database\jdbc\ucp\21.7.0.0\ucp-21.7.0.0.jar;C:\Users\lekih\.m2\repository\com\oracle\database\security\oraclepki\21.7.0.0\oraclepki-21.7.0.0.jar;C:\Users\lekih\.m2\repository\com\oracle\database\security\osdt_cert\21.7.0.0\osdt_cert-21.7.0.0.jar;C:\Users\lekih\.m2\repository\com\oracle\database\security\osdt_core\21.7.0.0\osdt_core-21.7.0.0.jar;C:\Users\lekih\.m2\repository\com\oracle\database\ha\simplefan\21.7.0.0\simplefan-21.7.0.0.jar;C:\Users\lekih\.m2\repository\com\oracle\database\ha\ons\21.7.0.0\ons-21.7.0.0.jar;C:\Users\lekih\.m2\repository\io\jsonwebtoken\jjwt-api\0.11.5\jjwt-api-0.11.5.jar;C:\Users\lekih\.m2\repository\io\jsonwebtoken\jjwt-impl\0.11.5\jjwt-impl-0.11.5.jar;C:\Users\lekih\.m2\repository\io\jsonwebtoken\jjwt-jackson\0.11.5\jjwt-jackson-0.11.5.jar;C:\Users\lekih\.m2\repository\com\fasterxml\jackson\core\jackson-databind\2.14.3\jackson-databind-2.14.3.jar;C:\Users\lekih\.m2\repository\org\springframework\boot\spring-boot-starter-security\3.0.13\spring-boot-starter-security-3.0.13.jar;C:\Users\lekih\.m2\repository\org\springframework\spring-aop\6.0.14\spring-aop-6.0.14.jar;C:\Users\lekih\.m2\repository\org\springframework\security\spring-security-config\6.0.8\spring-security-config-6.0.8.jar;C:\Users\lekih\.m2\repository\org\springframework\security\spring-security-core\6.0.8\spring-security-core-6.0.8.jar;C:\Users\lekih\.m2\repository\org\springframework\security\spring-security-crypto\6.0.8\spring-security-crypto-6.0.8.jar;C:\Users\lekih\.m2\repository\org\springframework\security\spring-security-web\6.0.8\spring-security-web-6.0.8.jar;C:\Users\lekih\.m2\repository\software\amazon\awssdk\s3\2.25.14\s3-2.25.14.jar;C:\Users\lekih\.m2\repository\software\amazon\awssdk\aws-xml-protocol\2.25.14\aws-xml-protocol-2.25.14.jar;C:\Users\lekih\.m2\repository\software\amazon\awssdk\aws-query-protocol\2.25.14\aws-query-protocol-2.25.14.jar;C:\Users\lekih\.m2\repository\software\amazon\awssdk\protocol-core\2.25.14\protocol-core-2.25.14.jar;C:\Users\lekih\.m2\repository\software\amazon\awssdk\arns\2.25.14\arns-2.25.14.jar;C:\Users\lekih\.m2\repository\software\amazon\awssdk\profiles\2.25.14\profiles-2.25.14.jar;C:\Users\lekih\.m2\repository\software\amazon\awssdk\crt-core\2.25.14\crt-core-2.25.14.jar;C:\Users\lekih\.m2\repository\software\amazon\awssdk\http-auth\2.25.14\http-auth-2.25.14.jar;C:\Users\lekih\.m2\repository\software\amazon\awssdk\identity-spi\2.25.14\identity-spi-2.25.14.jar;C:\Users\lekih\.m2\repository\software\amazon\awssdk\http-auth-spi\2.25.14\http-auth-spi-2.25.14.jar;C:\Users\lekih\.m2\repository\org\reactivestreams\reactive-streams\1.0.4\reactive-streams-1.0.4.jar;C:\Users\lekih\.m2\repository\software\amazon\awssdk\http-auth-aws\2.25.14\http-auth-aws-2.25.14.jar;C:\Users\lekih\.m2\repository\software\amazon\awssdk\checksums\2.25.14\checksums-2.25.14.jar;C:\Users\lekih\.m2\repository\software\amazon\awssdk\checksums-spi\2.25.14\checksums-spi-2.25.14.jar;C:\Users\lekih\.m2\repository\software\amazon\awssdk\sdk-core\2.25.14\sdk-core-2.25.14.jar;C:\Users\lekih\.m2\repository\org\slf4j\slf4j-api\2.0.9\slf4j-api-2.0.9.jar;C:\Users\lekih\.m2\repository\software\amazon\awssdk\auth\2.25.14\auth-2.25.14.jar;C:\Users\lekih\.m2\repository\software\amazon\eventstream\eventstream\1.0.1\eventstream-1.0.1.jar;C:\Users\lekih\.m2\repository\software\amazon\awssdk\http-client-spi\2.25.14\http-client-spi-2.25.14.jar;C:\Users\lekih\.m2\repository\software\amazon\awssdk\regions\2.25.14\regions-2.25.14.jar;C:\Users\lekih\.m2\repository\software\amazon\awssdk\annotations\2.25.14\annotations-2.25.14.jar;C:\Users\lekih\.m2\repository\software\amazon\awssdk\utils\2.25.14\utils-2.25.14.jar;C:\Users\lekih\.m2\repository\software\amazon\awssdk\aws-core\2.25.14\aws-core-2.25.14.jar;C:\Users\lekih\.m2\repository\software\amazon\awssdk\metrics-spi\2.25.14\metrics-spi-2.25.14.jar;C:\Users\lekih\.m2\repository\software\amazon\awssdk\json-utils\2.25.14\json-utils-2.25.14.jar;C:\Users\lekih\.m2\repository\software\amazon\awssdk\third-party-jackson-core\2.25.14\third-party-jackson-core-2.25.14.jar;C:\Users\lekih\.m2\repository\software\amazon\awssdk\endpoints-spi\2.25.14\endpoints-spi-2.25.14.jar;C:\Users\lekih\.m2\repository\software\amazon\awssdk\apache-client\2.25.14\apache-client-2.25.14.jar;C:\Users\lekih\.m2\repository\software\amazon\awssdk\netty-nio-client\2.25.14\netty-nio-client-2.25.14.jar;C:\Users\lekih\.m2\repository\io\netty\netty-codec-http\4.1.101.Final\netty-codec-http-4.1.101.Final.jar;C:\Users\lekih\.m2\repository\io\netty\netty-codec-http2\4.1.101.Final\netty-codec-http2-4.1.101.Final.jar;C:\Users\lekih\.m2\repository\io\netty\netty-codec\4.1.101.Final\netty-codec-4.1.101.Final.jar;C:\Users\lekih\.m2\repository\io\netty\netty-transport\4.1.101.Final\netty-transport-4.1.101.Final.jar;C:\Users\lekih\.m2\repository\io\netty\netty-common\4.1.101.Final\netty-common-4.1.101.Final.jar;C:\Users\lekih\.m2\repository\io\netty\netty-buffer\4.1.101.Final\netty-buffer-4.1.101.Final.jar;C:\Users\lekih\.m2\repository\io\netty\netty-handler\4.1.101.Final\netty-handler-4.1.101.Final.jar;C:\Users\lekih\.m2\repository\io\netty\netty-transport-native-unix-common\4.1.101.Final\netty-transport-native-unix-common-4.1.101.Final.jar;C:\Users\lekih\.m2\repository\io\netty\netty-transport-classes-epoll\4.1.101.Final\netty-transport-classes-epoll-4.1.101.Final.jar;C:\Users\lekih\.m2\repository\io\netty\netty-resolver\4.1.101.Final\netty-resolver-4.1.101.Final.jar;C:\Users\lekih\.m2\repository\org\springframework\boot\spring-boot-devtools\3.0.13\spring-boot-devtools-3.0.13.jar;C:\Users\lekih\.m2\repository\org\springframework\boot\spring-boot\3.0.13\spring-boot-3.0.13.jar;C:\Users\lekih\.m2\repository\org\springframework\boot\spring-boot-autoconfigure\3.0.13\spring-boot-autoconfigure-3.0.13.jar;C:\Users\lekih\.m2\repository\net\bytebuddy\byte-buddy\1.12.23\byte-buddy-1.12.23.jar;C:\Users\lekih\.m2\repository\org\springframework\spring-core\6.0.14\spring-core-6.0.14.jar;C:\Users\lekih\.m2\repository\org\springframework\spring-jcl\6.0.14\spring-jcl-6.0.14.jar;C:\Users\lekih\.m2\repository\org\springframework\boot\spring-boot-starter-jdbc\3.0.13\spring-boot-starter-jdbc-3.0.13.jar;C:\Users\lekih\.m2\repository\com\zaxxer\HikariCP\5.0.1\HikariCP-5.0.1.jar;C:\Users\lekih\.m2\repository\org\springframework\spring-jdbc\6.0.14\spring-jdbc-6.0.14.jar;C:\Users\lekih\.m2\repository\org\springframework\spring-tx\6.0.14\spring-tx-6.0.14.jar;C:\Users\lekih\.m2\repository\org\springframework\boot\spring-boot-starter-data-jpa\3.0.13\spring-boot-starter-data-jpa-3.0.13.jar;C:\Users\lekih\.m2\repository\org\springframework\boot\spring-boot-starter-aop\3.0.13\spring-boot-starter-aop-3.0.13.jar;C:\Users\lekih\.m2\repository\org\aspectj\aspectjweaver\1.9.20.1\aspectjweaver-1.9.20.1.jar;C:\Users\lekih\.m2\repository\org\hibernate\orm\hibernate-core\6.1.7.Final\hibernate-core-6.1.7.Final.jar;C:\Users\lekih\.m2\repository\jakarta\persistence\jakarta.persistence-api\3.1.0\jakarta.persistence-api-3.1.0.jar;C:\Users\lekih\.m2\repository\jakarta\transaction\jakarta.transaction-api\2.0.1\jakarta.transaction-api-2.0.1.jar;C:\Users\lekih\.m2\repository\org\hibernate\common\hibernate-commons-annotations\6.0.6.Final\hibernate-commons-annotations-6.0.6.Final.jar;C:\Users\lekih\.m2\repository\org\jboss\jandex\2.4.2.Final\jandex-2.4.2.Final.jar;C:\Users\lekih\.m2\repository\jakarta\inject\jakarta.inject-api\2.0.0\jakarta.inject-api-2.0.0.jar;C:\Users\lekih\.m2\repository\org\antlr\antlr4-runtime\4.10.1\antlr4-runtime-4.10.1.jar;C:\Users\lekih\.m2\repository\org\springframework\data\spring-data-jpa\3.0.12\spring-data-jpa-3.0.12.jar;C:\Users\lekih\.m2\repository\org\springframework\data\spring-data-commons\3.0.12\spring-data-commons-3.0.12.jar;C:\Users\lekih\.m2\repository\org\springframework\spring-orm\6.0.14\spring-orm-6.0.14.jar;C:\Users\lekih\.m2\repository\org\springframework\spring-aspects\6.0.14\spring-aspects-6.0.14.jar;C:\Users\lekih\.m2\repository\com\mysql\mysql-connector-j\8.0.32\mysql-connector-j-8.0.32.jar;C:\Users\lekih\.m2\repository\com\fasterxml\jackson\dataformat\jackson-dataformat-xml\2.14.3\jackson-dataformat-xml-2.14.3.jar;C:\Users\lekih\.m2\repository\com\fasterxml\jackson\core\jackson-core\2.14.3\jackson-core-2.14.3.jar;C:\Users\lekih\.m2\repository\com\fasterxml\jackson\core\jackson-annotations\2.14.3\jackson-annotations-2.14.3.jar;C:\Users\lekih\.m2\repository\org\codehaus\woodstox\stax2-api\4.2.1\stax2-api-4.2.1.jar;C:\Users\lekih\.m2\repository\com\fasterxml\woodstox\woodstox-core\6.5.0\woodstox-core-6.5.0.jar;C:\Users\lekih\.m2\repository\org\apache\httpcomponents\httpclient\4.5.14\httpclient-4.5.14.jar;C:\Users\lekih\.m2\repository\org\apache\httpcomponents\httpcore\4.4.16\httpcore-4.4.16.jar;C:\Users\lekih\.m2\repository\commons-codec\commons-codec\1.15\commons-codec-1.15.jar;C:\Users\lekih\.m2\repository\org\springframework\boot\spring-boot-starter-thymeleaf\3.0.13\spring-boot-starter-thymeleaf-3.0.13.jar;C:\Users\lekih\.m2\repository\org\thymeleaf\thymeleaf-spring6\3.1.2.RELEASE\thymeleaf-spring6-3.1.2.RELEASE.jar;C:\Users\lekih\.m2\repository\org\thymeleaf\thymeleaf\3.1.2.RELEASE\thymeleaf-3.1.2.RELEASE.jar;C:\Users\lekih\.m2\repository\org\attoparser\attoparser\2.0.7.RELEASE\attoparser-2.0.7.RELEASE.jar;C:\Users\lekih\.m2\repository\org\unbescape\unbescape\1.1.6.RELEASE\unbescape-1.1.6.RELEASE.jar;C:\Users\lekih\.m2\repository\org\springframework\boot\spring-boot-starter-mail\3.0.13\spring-boot-starter-mail-3.0.13.jar;C:\Users\lekih\.m2\repository\org\springframework\spring-context-support\6.0.14\spring-context-support-6.0.14.jar;C:\Users\lekih\.m2\repository\org\eclipse\angus\jakarta.mail\1.0.0\jakarta.mail-1.0.0.jar;C:\Users\lekih\.m2\repository\org\eclipse\angus\angus-activation\2.0.1\angus-activation-2.0.1.jar;C:\Users\lekih\.m2\repository\com\fasterxml\jackson\datatype\jackson-datatype-jsr310\2.14.3\jackson-datatype-jsr310-2.14.3.jar;C:\Users\lekih\.m2\repository\org\json\json\20210307\json-20210307.jar;C:\Users\lekih\.m2\repository\jakarta\xml\bind\jakarta.xml.bind-api\4.0.1\jakarta.xml.bind-api-4.0.1.jar;C:\Users\lekih\.m2\repository\jakarta\activation\jakarta.activation-api\2.1.2\jakarta.activation-api-2.1.2.jar;C:\Users\lekih\.m2\repository\org\glassfish\jaxb\jaxb-runtime\4.0.4\jaxb-runtime-4.0.4.jar;C:\Users\lekih\.m2\repository\org\glassfish\jaxb\jaxb-core\4.0.4\jaxb-core-4.0.4.jar;C:\Users\lekih\.m2\repository\org\glassfish\jaxb\txw2\4.0.4\txw2-4.0.4.jar;C:\Users\lekih\.m2\repository\com\sun\istack\istack-commons-runtime\4.1.2\istack-commons-runtime-4.1.2.jar;C:\Users\lekih\.m2\repository\org\bouncycastle\bcpkix-jdk15on\1.69\bcpkix-jdk15on-1.69.jar;C:\Users\lekih\.m2\repository\org\bouncycastle\bcprov-jdk15on\1.69\bcprov-jdk15on-1.69.jar;C:\Users\lekih\.m2\repository\org\bouncycastle\bcutil-jdk15on\1.69\bcutil-jdk15on-1.69.jar;C:\Users\lekih\.m2\repository\org\xhtmlrenderer\flying-saucer-pdf\9.1.20\flying-saucer-pdf-9.1.20.jar;C:\Users\lekih\.m2\repository\com\lowagie\itext\2.1.7\itext-2.1.7.jar;C:\Users\lekih\.m2\repository\org\bouncycastle\bcmail-jdk14\1.64\bcmail-jdk14-1.64.jar;C:\Users\lekih\.m2\repository\org\bouncycastle\bcpkix-jdk14\1.64\bcpkix-jdk14-1.64.jar;C:\Users\lekih\.m2\repository\org\bouncycastle\bctsp-jdk14\1.46\bctsp-jdk14-1.46.jar;C:\Users\lekih\.m2\repository\org\bouncycastle\bcprov-jdk14\1.64\bcprov-jdk14-1.64.jar;C:\Users\lekih\.m2\repository\org\xhtmlrenderer\flying-saucer-core\9.1.20\flying-saucer-core-9.1.20.jar;C:\Users\lekih\.m2\repository\jakarta\validation\jakarta.validation-api\3.0.2\jakarta.validation-api-3.0.2.jar;C:\Users\lekih\.m2\repository\org\hibernate\validator\hibernate-validator\8.0.1.Final\hibernate-validator-8.0.1.Final.jar;C:\Users\lekih\.m2\repository\org\jboss\logging\jboss-logging\3.5.3.Final\jboss-logging-3.5.3.Final.jar;C:\Users\lekih\.m2\repository\com\fasterxml\classmate\1.5.1\classmate-1.5.1.jar;C:\Users\lekih\.m2\repository\org\springdoc\springdoc-openapi-starter-webmvc-ui\2.5.0\springdoc-openapi-starter-webmvc-ui-2.5.0.jar;C:\Users\lekih\.m2\repository\org\springdoc\springdoc-openapi-starter-webmvc-api\2.5.0\springdoc-openapi-starter-webmvc-api-2.5.0.jar;C:\Users\lekih\.m2\repository\org\springdoc\springdoc-openapi-starter-common\2.5.0\springdoc-openapi-starter-common-2.5.0.jar;C:\Users\lekih\.m2\repository\io\swagger\core\v3\swagger-core-jakarta\2.2.21\swagger-core-jakarta-2.2.21.jar;C:\Users\lekih\.m2\repository\io\swagger\core\v3\swagger-annotations-jakarta\2.2.21\swagger-annotations-jakarta-2.2.21.jar;C:\Users\lekih\.m2\repository\io\swagger\core\v3\swagger-models-jakarta\2.2.21\swagger-models-jakarta-2.2.21.jar;C:\Users\lekih\.m2\repository\com\fasterxml\jackson\dataformat\jackson-dataformat-yaml\2.14.3\jackson-dataformat-yaml-2.14.3.jar;C:\Users\lekih\.m2\repository\org\webjars\swagger-ui\5.13.0\swagger-ui-5.13.0.jar;C:\Users\lekih\.m2\repository\io\minio\minio\9.0.0\minio-9.0.0.jar;C:\Users\lekih\.m2\repository\com\carrotsearch\thirdparty\simple-xml-safe\2.7.1\simple-xml-safe-2.7.1.jar;C:\Users\lekih\.m2\repository\com\google\guava\guava\33.5.0-jre\guava-33.5.0-jre.jar;C:\Users\lekih\.m2\repository\com\google\guava\failureaccess\1.0.3\failureaccess-1.0.3.jar;C:\Users\lekih\.m2\repository\com\google\guava\listenablefuture\9999.0-empty-to-avoid-conflict-with-guava\listenablefuture-9999.0-empty-to-avoid-conflict-with-guava.jar;C:\Users\lekih\.m2\repository\org\jspecify\jspecify\1.0.0\jspecify-1.0.0.jar;C:\Users\lekih\.m2\repository\com\google\errorprone\error_prone_annotations\2.41.0\error_prone_annotations-2.41.0.jar;C:\Users\lekih\.m2\repository\com\google\j2objc\j2objc-annotations\3.1\j2objc-annotations-3.1.jar;C:\Users\lekih\.m2\repository\com\squareup\okhttp3\okhttp\4.10.0\okhttp-4.10.0.jar;C:\Users\lekih\.m2\repository\com\squareup\okio\okio-jvm\3.0.0\okio-jvm-3.0.0.jar;C:\Users\lekih\.m2\repository\org\jetbrains\kotlin\kotlin-stdlib-jdk8\1.7.22\kotlin-stdlib-jdk8-1.7.22.jar;C:\Users\lekih\.m2\repository\org\jetbrains\kotlin\kotlin-stdlib-jdk7\1.7.22\kotlin-stdlib-jdk7-1.7.22.jar;C:\Users\lekih\.m2\repository\org\jetbrains\kotlin\kotlin-stdlib-common\1.7.22\kotlin-stdlib-common-1.7.22.jar;C:\Users\lekih\.m2\repository\org\jetbrains\kotlin\kotlin-stdlib\1.7.22\kotlin-stdlib-1.7.22.jar;C:\Users\lekih\.m2\repository\org\jetbrains\annotations\13.0\annotations-13.0.jar;C:\Users\lekih\.m2\repository\org\bouncycastle\bcprov-jdk18on\1.82\bcprov-jdk18on-1.82.jar;C:\Users\lekih\.m2\repository\org\apache\commons\commons-compress\1.28.0\commons-compress-1.28.0.jar;C:\Users\lekih\.m2\repository\commons-io\commons-io\2.20.0\commons-io-2.20.0.jar;C:\Users\lekih\.m2\repository\org\apache\commons\commons-lang3\3.12.0\commons-lang3-3.12.0.jar;C:\Users\lekih\.m2\repository\org\xerial\snappy\snappy-java\1.1.10.8\snappy-java-1.1.10.8.jar
Launcher Type: SUN_STANDARD

[Global flags]
     intx CICompilerCount                          = 4                                         {product} {ergonomic}
     uint ConcGCThreads                            = 3                                         {product} {ergonomic}
     uint G1ConcRefinementThreads                  = 10                                        {product} {ergonomic}
   size_t G1HeapRegionSize                         = 2097152                                   {product} {ergonomic}
    uintx GCDrainStackTargetSize                   = 64                                        {product} {ergonomic}
   size_t InitialHeapSize                          = 264241152                                 {product} {ergonomic}
   size_t MarkStackSize                            = 4194304                                   {product} {ergonomic}
   size_t MaxHeapSize                              = 4213178368                                {product} {ergonomic}
   size_t MaxNewSize                               = 2527068160                                {product} {ergonomic}
   size_t MinHeapDeltaBytes                        = 2097152                                   {product} {ergonomic}
   size_t MinHeapSize                              = 8388608                                   {product} {ergonomic}
    uintx NonNMethodCodeHeapSize                   = 5839372                                {pd product} {ergonomic}
    uintx NonProfiledCodeHeapSize                  = 122909434                              {pd product} {ergonomic}
    uintx ProfiledCodeHeapSize                     = 122909434                              {pd product} {ergonomic}
    uintx ReservedCodeCacheSize                    = 251658240                              {pd product} {ergonomic}
     bool SegmentedCodeCache                       = true                                      {product} {ergonomic}
   size_t SoftMaxHeapSize                          = 4213178368                             {manageable} {ergonomic}
     bool UseCompressedOops                        = true                           {product lp64_product} {ergonomic}
     bool UseG1GC                                  = true                                      {product} {ergonomic}
     bool UseLargePagesIndividualAllocation        = false                                  {pd product} {ergonomic}

Logging:
Log output configuration:
 #0: stdout all=warning uptime,level,tags foldmultilines=false
 #1: stderr all=off uptime,level,tags foldmultilines=false

Environment Variables:
JAVA_HOME=C:\Program Files\Java\jdk-21
PATH=C:\Windows\System32;C:\Program Files\nodejs;C:\Users\lekih\AppData\Roaming\npm;C:\Program Files\dotnet\;C:\Program Files\Git\cmd;C:\Program Files\Docker\Docker\resources\bin;C:\Program Files\Amazon\AWSCLIV2\;C:\Program Files\nodejs\;C:\Users\lekih\AppData\Local\Programs\Python\Python313\Scripts\;C:\Users\lekih\AppData\Local\Programs\Python\Python313\;C:\Users\lekih\AppData\Local\Microsoft\WindowsApps;C:\Program Files\JetBrains\IntelliJ IDEA Community Edition 2025.2\bin;C:\Users\lekih\AppData\Local\Programs\Microsoft VS Code\bin;C:\Users\lekih\AppData\Roaming\npm
USERNAME=lekih
OS=Windows_NT
PROCESSOR_IDENTIFIER=Intel64 Family 6 Model 186 Stepping 3, GenuineIntel
TMP=C:\Users\lekih\AppData\Local\Temp
TEMP=C:\Users\lekih\AppData\Local\Temp




Periodic native trim disabled

---------------  S Y S T E M  ---------------

OS:
 Windows 11 , 64 bit Build 26100 (10.0.26100.8328)
OS uptime: 6 days 18:11 hours
Hyper-V role detected

CPU: total 12 (initial active 12) (6 cores per cpu, 2 threads per core) family 6 model 186 stepping 3 microcode 0x6134, cx8, cmov, fxsr, ht, mmx, 3dnowpref, sse, sse2, sse3, ssse3, sse4.1, sse4.2, popcnt, lzcnt, tsc, tscinvbit, avx, avx2, aes, erms, clmul, bmi1, bmi2, adx, sha, fma, vzeroupper, clflush, clflushopt, clwb, hv, serialize, rdtscp, rdpid, fsrm, f16c, cet_ibt, cet_ss
Processor Information for processor 0
  Max Mhz: 1700, Current Mhz: 1700, Mhz Limit: 1700
Processor Information for processor 1
  Max Mhz: 1700, Current Mhz: 1700, Mhz Limit: 1700
Processor Information for processor 2
  Max Mhz: 1700, Current Mhz: 1700, Mhz Limit: 1700
Processor Information for processor 3
  Max Mhz: 1700, Current Mhz: 1700, Mhz Limit: 1700
Processor Information for processor 4
  Max Mhz: 1700, Current Mhz: 1558, Mhz Limit: 1700
Processor Information for processor 5
  Max Mhz: 1700, Current Mhz: 1700, Mhz Limit: 1700
Processor Information for processor 6
  Max Mhz: 1700, Current Mhz: 1700, Mhz Limit: 1700
Processor Information for processor 7
  Max Mhz: 1700, Current Mhz: 1700, Mhz Limit: 1700
Processor Information for processor 8
  Max Mhz: 1700, Current Mhz: 1700, Mhz Limit: 1700
Processor Information for processor 9
  Max Mhz: 1700, Current Mhz: 1700, Mhz Limit: 1700
Processor Information for processor 10
  Max Mhz: 1700, Current Mhz: 1700, Mhz Limit: 1700
Processor Information for processor 11
  Max Mhz: 1700, Current Mhz: 1700, Mhz Limit: 1700

Memory: 4k page, system-wide physical 16068M (964M free)
TotalPageFile size 45493M (AvailPageFile size 4M)
current process WorkingSet (physical memory assigned to process): 163M, peak: 163M
current process commit charge ("private bytes"): 396M, peak: 396M

vm_info: Java HotSpot(TM) 64-Bit Server VM (21.0.2+13-LTS-58) for windows-amd64 JRE (21.0.2+13-LTS-58), built on 2024-01-05T18:32:24Z by "mach5one" with MS VC++ 17.1 (VS2022)

END.
