#
# There is insufficient memory for the Java Runtime Environment to continue.
# Native memory allocation (malloc) failed to allocate 971712 bytes for Chunk::new
# Possible reasons:
#   The system is out of physical RAM or swap space
#   The process is running with CompressedOops enabled, and the Java Heap may be blocking the growth of the native heap
# Possible solutions:
#   Reduce memory load on the system
#   Increase physical memory or swap space
#   Check if swap backing store is full
#   Decrease Java heap size (-Xmx/-Xms)
#   Decrease number of Java threads
#   Decrease Java thread stack sizes (-Xss)
#   Set larger code cache with -XX:ReservedCodeCacheSize=
#   JVM is running with Zero Based Compressed Oops mode in which the Java heap is
#     placed in the first 32GB address space. The Java Heap base address is the
#     maximum limit for the native heap growth. Please use -XX:HeapBaseMinAddress
#     to set the Java Heap base and to place the Java Heap above 32GB virtual address.
# This output file may be truncated or incomplete.
#
#  Out of Memory Error (arena.cpp:168), pid=28056, tid=31148
#
# JRE version: Java(TM) SE Runtime Environment (21.0.2+13) (build 21.0.2+13-LTS-58)
# Java VM: Java HotSpot(TM) 64-Bit Server VM (21.0.2+13-LTS-58, mixed mode, sharing, tiered, compressed oops, compressed class ptrs, g1 gc, windows-amd64)
# No core dump will be written. Minidumps are not enabled by default on client versions of Windows
#

---------------  S U M M A R Y ------------

Command Line: -javaagent:C:\Program Files\JetBrains\IntelliJ IDEA Community Edition 2025.2\lib\idea_rt.jar=59448 -Dfile.encoding=UTF-8 -Dsun.stdout.encoding=UTF-8 -Dsun.stderr.encoding=UTF-8 bt.ricb.ricb_api.RicbApiApplication

Host: 13th Gen Intel(R) Core(TM) i7-1355U, 12 cores, 15G,  Windows 11 , 64 bit Build 26100 (10.0.26100.8875)
Time: Fri Jul 24 15:50:07 2026 Bangladesh Standard Time elapsed time: 2.757268 seconds (0d 0h 0m 2s)

---------------  T H R E A D  ---------------

Current thread (0x000001b74b126c20):  JavaThread "C2 CompilerThread1" daemon [_thread_in_native, id=31148, stack(0x00000034b9b00000,0x00000034b9c00000) (1024K)]


Current CompileTask:
C2:   2757 2418       4       java.lang.invoke.MethodType::makeImpl (109 bytes)

Stack: [0x00000034b9b00000,0x00000034b9c00000]
Native frames: (J=compiled Java code, j=interpreted, Vv=VM code, C=native code)
V  [jvm.dll+0x6cade9]
V  [jvm.dll+0x8569c1]
V  [jvm.dll+0x858d2e]
V  [jvm.dll+0x859413]
V  [jvm.dll+0x280e56]
V  [jvm.dll+0xc3f3d]
V  [jvm.dll+0xc4473]
V  [jvm.dll+0x3b5c2c]
V  [jvm.dll+0x1e2209]
V  [jvm.dll+0x249d22]
V  [jvm.dll+0x2491b1]
V  [jvm.dll+0x1c9634]
V  [jvm.dll+0x258859]
V  [jvm.dll+0x256e3a]
V  [jvm.dll+0x3ef6c6]
V  [jvm.dll+0x7ff568]
V  [jvm.dll+0x6c953d]
C  [ucrtbase.dll+0x2cd30]
C  [KERNEL32.DLL+0x2e957]
C  [ntdll.dll+0xaad6c]


---------------  P R O C E S S  ---------------

Threads class SMR info:
_java_thread_list=0x000001b74c60a890, length=21, elements={
0x000001b765912c40, 0x000001b77ecdf7b0, 0x000001b77ece4230, 0x000001b77ece5c60,
0x000001b77ece7d30, 0x000001b77ece83c0, 0x000001b77ece76a0, 0x000001b77ececc30,
0x000001b74b010090, 0x000001b77ece55d0, 0x000001b74b126c20, 0x000001b77ece4f40,
0x000001b77ece7010, 0x000001b74bfd6120, 0x000001b77ece62f0, 0x000001b77ece6980,
0x000001b74c2cb870, 0x000001b74c2c9e30, 0x000001b74c2c97a0, 0x000001b74c2ca4c0,
0x000001b74c2cbf00
}

Java Threads: ( => current thread )
  0x000001b765912c40 JavaThread "main"                              [_thread_blocked, id=28508, stack(0x00000034b8a00000,0x00000034b8b00000) (1024K)]
  0x000001b77ecdf7b0 JavaThread "Reference Handler"          daemon [_thread_blocked, id=16584, stack(0x00000034b9200000,0x00000034b9300000) (1024K)]
  0x000001b77ece4230 JavaThread "Finalizer"                  daemon [_thread_blocked, id=3540, stack(0x00000034b9300000,0x00000034b9400000) (1024K)]
  0x000001b77ece5c60 JavaThread "Signal Dispatcher"          daemon [_thread_blocked, id=27596, stack(0x00000034b9400000,0x00000034b9500000) (1024K)]
  0x000001b77ece7d30 JavaThread "Attach Listener"            daemon [_thread_blocked, id=21392, stack(0x00000034b9500000,0x00000034b9600000) (1024K)]
  0x000001b77ece83c0 JavaThread "Service Thread"             daemon [_thread_blocked, id=20540, stack(0x00000034b9600000,0x00000034b9700000) (1024K)]
  0x000001b77ece76a0 JavaThread "Monitor Deflation Thread"   daemon [_thread_blocked, id=1064, stack(0x00000034b9700000,0x00000034b9800000) (1024K)]
  0x000001b77ececc30 JavaThread "C2 CompilerThread0"         daemon [_thread_in_native, id=29804, stack(0x00000034b9800000,0x00000034b9900000) (1024K)]
  0x000001b74b010090 JavaThread "C1 CompilerThread0"         daemon [_thread_in_vm, id=25236, stack(0x00000034b9900000,0x00000034b9a00000) (1024K)]
  0x000001b77ece55d0 JavaThread "Common-Cleaner"             daemon [_thread_blocked, id=25404, stack(0x00000034b9a00000,0x00000034b9b00000) (1024K)]
=>0x000001b74b126c20 JavaThread "C2 CompilerThread1"         daemon [_thread_in_native, id=31148, stack(0x00000034b9b00000,0x00000034b9c00000) (1024K)]
  0x000001b77ece4f40 JavaThread "Monitor Ctrl-Break"         daemon [_thread_in_native, id=17132, stack(0x00000034b9c00000,0x00000034b9d00000) (1024K)]
  0x000001b77ece7010 JavaThread "Notification Thread"        daemon [_thread_blocked, id=5244, stack(0x00000034b9d00000,0x00000034b9e00000) (1024K)]
  0x000001b74bfd6120 JavaThread "C2 CompilerThread2"         daemon [_thread_in_native, id=23292, stack(0x00000034ba400000,0x00000034ba500000) (1024K)]
  0x000001b77ece62f0 JavaThread "RMI TCP Accept-0"           daemon [_thread_in_native, id=22556, stack(0x00000034ba500000,0x00000034ba600000) (1024K)]
  0x000001b77ece6980 JavaThread "RMI TCP Connection(1)-192.168.123.150" daemon [_thread_in_native, id=1592, stack(0x00000034ba600000,0x00000034ba700000) (1024K)]
  0x000001b74c2cb870 JavaThread "RMI Scheduler(0)"           daemon [_thread_blocked, id=32008, stack(0x00000034ba700000,0x00000034ba800000) (1024K)]
  0x000001b74c2c9e30 JavaThread "JMX server connection timeout 32" daemon [_thread_blocked, id=30760, stack(0x00000034ba800000,0x00000034ba900000) (1024K)]
  0x000001b74c2c97a0 JavaThread "Thread-0"                          [_thread_blocked, id=6392, stack(0x00000034bac00000,0x00000034bad00000) (1024K)]
  0x000001b74c2ca4c0 JavaThread "restartedMain"                     [_thread_in_vm, id=21552, stack(0x00000034bad00000,0x00000034bae00000) (1024K)]
  0x000001b74c2cbf00 JavaThread "background-preinit"                [_thread_in_vm, id=3968, stack(0x00000034bae00000,0x00000034baf00000) (1024K)]
Total: 21

Other Threads:
  0x000001b77ecc0c70 VMThread "VM Thread"                           [id=31208, stack(0x00000034b9100000,0x00000034b9200000) (1024K)]
  0x000001b77eca4fd0 WatcherThread "VM Periodic Task Thread"        [id=2552, stack(0x00000034b9000000,0x00000034b9100000) (1024K)]
  0x000001b76597b930 WorkerThread "GC Thread#0"                     [id=5992, stack(0x00000034b8b00000,0x00000034b8c00000) (1024K)]
  0x000001b74be133f0 WorkerThread "GC Thread#1"                     [id=7236, stack(0x00000034b9e00000,0x00000034b9f00000) (1024K)]
  0x000001b74be13790 WorkerThread "GC Thread#2"                     [id=6552, stack(0x00000034b9f00000,0x00000034ba000000) (1024K)]
  0x000001b74bd6b880 WorkerThread "GC Thread#3"                     [id=25920, stack(0x00000034ba000000,0x00000034ba100000) (1024K)]
  0x000001b74bd6bc20 WorkerThread "GC Thread#4"                     [id=25072, stack(0x00000034ba100000,0x00000034ba200000) (1024K)]
  0x000001b74bd6bfc0 WorkerThread "GC Thread#5"                     [id=20956, stack(0x00000034ba200000,0x00000034ba300000) (1024K)]
  0x000001b74bfc1600 WorkerThread "GC Thread#6"                     [id=16696, stack(0x00000034ba300000,0x00000034ba400000) (1024K)]
  0x000001b74c2f1420 WorkerThread "GC Thread#7"                     [id=17400, stack(0x00000034ba900000,0x00000034baa00000) (1024K)]
  0x000001b74c2f17c0 WorkerThread "GC Thread#8"                     [id=8588, stack(0x00000034baa00000,0x00000034bab00000) (1024K)]
  0x000001b74c2f2370 WorkerThread "GC Thread#9"                     [id=28924, stack(0x00000034bab00000,0x00000034bac00000) (1024K)]
  0x000001b76598cb40 ConcurrentGCThread "G1 Main Marker"            [id=22176, stack(0x00000034b8c00000,0x00000034b8d00000) (1024K)]
  0x000001b76598e3d0 WorkerThread "G1 Conc#0"                       [id=17492, stack(0x00000034b8d00000,0x00000034b8e00000) (1024K)]
  0x000001b77eb7b9d0 ConcurrentGCThread "G1 Refine#0"               [id=14668, stack(0x00000034b8e00000,0x00000034b8f00000) (1024K)]
  0x000001b77eb7c2f0 ConcurrentGCThread "G1 Service"                [id=3564, stack(0x00000034b8f00000,0x00000034b9000000) (1024K)]
Total: 16

Threads with active compile tasks:
C2 CompilerThread0     2785 2552       4       java.util.zip.ZipCoder::hash (36 bytes)
C1 CompilerThread0     2785 2565       3       org.springframework.core.annotation.AnnotationTypeMappings::get (14 bytes)
C2 CompilerThread1     2785 2418       4       java.lang.invoke.MethodType::makeImpl (109 bytes)
C2 CompilerThread2     2785 2500   !   4       java.net.URL::<init> (543 bytes)
Total: 4

VM state: not at safepoint (normal execution)

VM Mutex/Monitor currently owned by a thread:  ([mutex/lock_event])
[0x00007ffc8af2ace8] Metaspace_lock - owner thread: 0x000001b74b010090

Heap address: 0x0000000704e00000, size: 4018 MB, Compressed Oops mode: Zero based, Oop shift amount: 3

CDS archive(s) mapped at: [0x000001b706000000-0x000001b706c90000-0x000001b706c90000), size 13172736, SharedBaseAddress: 0x000001b706000000, ArchiveRelocationMode: 1.
Compressed class space mapped at: 0x000001b707000000-0x000001b747000000, reserved size: 1073741824
Narrow klass base: 0x000001b706000000, Narrow klass shift: 0, Narrow klass range: 0x100000000

GC Precious Log:
 CardTable entry size: 512
 Card Set container configuration: InlinePtr #cards 4 size 8 Array Of Cards #cards 16 size 48 Howl #buckets 8 coarsen threshold 3686 Howl Bitmap #cards 512 size 80 coarsen threshold 460 Card regions per heap region 1 cards per card region 4096
 CPUs: 12 total, 12 available
 Memory: 16068M
 Large Page Support: Disabled
 NUMA Support: Disabled
 Compressed Oops: Enabled (Zero based)
 Heap Region Size: 2M
 Heap Min Capacity: 8M
 Heap Initial Capacity: 252M
 Heap Max Capacity: 4018M
 Pre-touch: Disabled
 Parallel Workers: 10
 Concurrent Workers: 3
 Concurrent Refinement Workers: 10
 Periodic GC: Disabled

Heap:
 garbage-first heap   total 258048K, used 64601K [0x0000000704e00000, 0x0000000800000000)
  region size 2048K, 28 young (57344K), 1 survivors (2048K)
 Metaspace       used 18657K, committed 19008K, reserved 1114112K
  class space    used 2366K, committed 2560K, reserved 1048576K

Heap Regions: E=young(eden), S=young(survivor), O=old, HS=humongous(starts), HC=humongous(continues), CS=collection set, F=free, TAMS=top-at-mark-start, PB=parsable bottom
|   0|0x0000000704e00000, 0x0000000705000000, 0x0000000705000000|100%| O|  |TAMS 0x0000000704e00000| PB 0x0000000704e00000| Untracked 
|   1|0x0000000705000000, 0x0000000705200000, 0x0000000705200000|100%| O|  |TAMS 0x0000000705000000| PB 0x0000000705000000| Untracked 
|   2|0x0000000705200000, 0x0000000705400000, 0x0000000705400000|100%| O|  |TAMS 0x0000000705200000| PB 0x0000000705200000| Untracked 
|   3|0x0000000705400000, 0x0000000705600000, 0x0000000705600000|100%| O|  |TAMS 0x0000000705400000| PB 0x0000000705400000| Untracked 
|   4|0x0000000705600000, 0x0000000705800000, 0x0000000705800000|100%| O|  |TAMS 0x0000000705600000| PB 0x0000000705600000| Untracked 
|   5|0x0000000705800000, 0x0000000705962b80, 0x0000000705a00000| 69%| O|  |TAMS 0x0000000705800000| PB 0x0000000705800000| Untracked 
|   6|0x0000000705a00000, 0x0000000705a00000, 0x0000000705c00000|  0%| F|  |TAMS 0x0000000705a00000| PB 0x0000000705a00000| Untracked 
|   7|0x0000000705c00000, 0x0000000705c00000, 0x0000000705e00000|  0%| F|  |TAMS 0x0000000705c00000| PB 0x0000000705c00000| Untracked 
|   8|0x0000000705e00000, 0x0000000705e00000, 0x0000000706000000|  0%| F|  |TAMS 0x0000000705e00000| PB 0x0000000705e00000| Untracked 
|   9|0x0000000706000000, 0x0000000706000000, 0x0000000706200000|  0%| F|  |TAMS 0x0000000706000000| PB 0x0000000706000000| Untracked 
|  10|0x0000000706200000, 0x0000000706200000, 0x0000000706400000|  0%| F|  |TAMS 0x0000000706200000| PB 0x0000000706200000| Untracked 
|  11|0x0000000706400000, 0x0000000706400000, 0x0000000706600000|  0%| F|  |TAMS 0x0000000706400000| PB 0x0000000706400000| Untracked 
|  12|0x0000000706600000, 0x0000000706600000, 0x0000000706800000|  0%| F|  |TAMS 0x0000000706600000| PB 0x0000000706600000| Untracked 
|  13|0x0000000706800000, 0x0000000706800000, 0x0000000706a00000|  0%| F|  |TAMS 0x0000000706800000| PB 0x0000000706800000| Untracked 
|  14|0x0000000706a00000, 0x0000000706a00000, 0x0000000706c00000|  0%| F|  |TAMS 0x0000000706a00000| PB 0x0000000706a00000| Untracked 
|  15|0x0000000706c00000, 0x0000000706c00000, 0x0000000706e00000|  0%| F|  |TAMS 0x0000000706c00000| PB 0x0000000706c00000| Untracked 
|  16|0x0000000706e00000, 0x0000000706e00000, 0x0000000707000000|  0%| F|  |TAMS 0x0000000706e00000| PB 0x0000000706e00000| Untracked 
|  17|0x0000000707000000, 0x0000000707000000, 0x0000000707200000|  0%| F|  |TAMS 0x0000000707000000| PB 0x0000000707000000| Untracked 
|  18|0x0000000707200000, 0x0000000707200000, 0x0000000707400000|  0%| F|  |TAMS 0x0000000707200000| PB 0x0000000707200000| Untracked 
|  19|0x0000000707400000, 0x0000000707400000, 0x0000000707600000|  0%| F|  |TAMS 0x0000000707400000| PB 0x0000000707400000| Untracked 
|  20|0x0000000707600000, 0x0000000707600000, 0x0000000707800000|  0%| F|  |TAMS 0x0000000707600000| PB 0x0000000707600000| Untracked 
|  21|0x0000000707800000, 0x0000000707800000, 0x0000000707a00000|  0%| F|  |TAMS 0x0000000707800000| PB 0x0000000707800000| Untracked 
|  22|0x0000000707a00000, 0x0000000707a00000, 0x0000000707c00000|  0%| F|  |TAMS 0x0000000707a00000| PB 0x0000000707a00000| Untracked 
|  23|0x0000000707c00000, 0x0000000707c00000, 0x0000000707e00000|  0%| F|  |TAMS 0x0000000707c00000| PB 0x0000000707c00000| Untracked 
|  24|0x0000000707e00000, 0x0000000707e00000, 0x0000000708000000|  0%| F|  |TAMS 0x0000000707e00000| PB 0x0000000707e00000| Untracked 
|  25|0x0000000708000000, 0x0000000708000000, 0x0000000708200000|  0%| F|  |TAMS 0x0000000708000000| PB 0x0000000708000000| Untracked 
|  26|0x0000000708200000, 0x0000000708200000, 0x0000000708400000|  0%| F|  |TAMS 0x0000000708200000| PB 0x0000000708200000| Untracked 
|  27|0x0000000708400000, 0x0000000708400000, 0x0000000708600000|  0%| F|  |TAMS 0x0000000708400000| PB 0x0000000708400000| Untracked 
|  28|0x0000000708600000, 0x0000000708600000, 0x0000000708800000|  0%| F|  |TAMS 0x0000000708600000| PB 0x0000000708600000| Untracked 
|  29|0x0000000708800000, 0x0000000708800000, 0x0000000708a00000|  0%| F|  |TAMS 0x0000000708800000| PB 0x0000000708800000| Untracked 
|  30|0x0000000708a00000, 0x0000000708a00000, 0x0000000708c00000|  0%| F|  |TAMS 0x0000000708a00000| PB 0x0000000708a00000| Untracked 
|  31|0x0000000708c00000, 0x0000000708c00000, 0x0000000708e00000|  0%| F|  |TAMS 0x0000000708c00000| PB 0x0000000708c00000| Untracked 
|  32|0x0000000708e00000, 0x0000000708e00000, 0x0000000709000000|  0%| F|  |TAMS 0x0000000708e00000| PB 0x0000000708e00000| Untracked 
|  33|0x0000000709000000, 0x0000000709000000, 0x0000000709200000|  0%| F|  |TAMS 0x0000000709000000| PB 0x0000000709000000| Untracked 
|  34|0x0000000709200000, 0x0000000709200000, 0x0000000709400000|  0%| F|  |TAMS 0x0000000709200000| PB 0x0000000709200000| Untracked 
|  35|0x0000000709400000, 0x0000000709400000, 0x0000000709600000|  0%| F|  |TAMS 0x0000000709400000| PB 0x0000000709400000| Untracked 
|  36|0x0000000709600000, 0x0000000709600000, 0x0000000709800000|  0%| F|  |TAMS 0x0000000709600000| PB 0x0000000709600000| Untracked 
|  37|0x0000000709800000, 0x0000000709800000, 0x0000000709a00000|  0%| F|  |TAMS 0x0000000709800000| PB 0x0000000709800000| Untracked 
|  38|0x0000000709a00000, 0x0000000709a00000, 0x0000000709c00000|  0%| F|  |TAMS 0x0000000709a00000| PB 0x0000000709a00000| Untracked 
|  39|0x0000000709c00000, 0x0000000709c00000, 0x0000000709e00000|  0%| F|  |TAMS 0x0000000709c00000| PB 0x0000000709c00000| Untracked 
|  40|0x0000000709e00000, 0x0000000709e00000, 0x000000070a000000|  0%| F|  |TAMS 0x0000000709e00000| PB 0x0000000709e00000| Untracked 
|  41|0x000000070a000000, 0x000000070a000000, 0x000000070a200000|  0%| F|  |TAMS 0x000000070a000000| PB 0x000000070a000000| Untracked 
|  42|0x000000070a200000, 0x000000070a200000, 0x000000070a400000|  0%| F|  |TAMS 0x000000070a200000| PB 0x000000070a200000| Untracked 
|  43|0x000000070a400000, 0x000000070a400000, 0x000000070a600000|  0%| F|  |TAMS 0x000000070a400000| PB 0x000000070a400000| Untracked 
|  44|0x000000070a600000, 0x000000070a600000, 0x000000070a800000|  0%| F|  |TAMS 0x000000070a600000| PB 0x000000070a600000| Untracked 
|  45|0x000000070a800000, 0x000000070a800000, 0x000000070aa00000|  0%| F|  |TAMS 0x000000070a800000| PB 0x000000070a800000| Untracked 
|  46|0x000000070aa00000, 0x000000070aa00000, 0x000000070ac00000|  0%| F|  |TAMS 0x000000070aa00000| PB 0x000000070aa00000| Untracked 
|  47|0x000000070ac00000, 0x000000070ac00000, 0x000000070ae00000|  0%| F|  |TAMS 0x000000070ac00000| PB 0x000000070ac00000| Untracked 
|  48|0x000000070ae00000, 0x000000070ae00000, 0x000000070b000000|  0%| F|  |TAMS 0x000000070ae00000| PB 0x000000070ae00000| Untracked 
|  49|0x000000070b000000, 0x000000070b000000, 0x000000070b200000|  0%| F|  |TAMS 0x000000070b000000| PB 0x000000070b000000| Untracked 
|  50|0x000000070b200000, 0x000000070b200000, 0x000000070b400000|  0%| F|  |TAMS 0x000000070b200000| PB 0x000000070b200000| Untracked 
|  51|0x000000070b400000, 0x000000070b400000, 0x000000070b600000|  0%| F|  |TAMS 0x000000070b400000| PB 0x000000070b400000| Untracked 
|  52|0x000000070b600000, 0x000000070b600000, 0x000000070b800000|  0%| F|  |TAMS 0x000000070b600000| PB 0x000000070b600000| Untracked 
|  53|0x000000070b800000, 0x000000070b800000, 0x000000070ba00000|  0%| F|  |TAMS 0x000000070b800000| PB 0x000000070b800000| Untracked 
|  54|0x000000070ba00000, 0x000000070ba00000, 0x000000070bc00000|  0%| F|  |TAMS 0x000000070ba00000| PB 0x000000070ba00000| Untracked 
|  55|0x000000070bc00000, 0x000000070bc00000, 0x000000070be00000|  0%| F|  |TAMS 0x000000070bc00000| PB 0x000000070bc00000| Untracked 
|  56|0x000000070be00000, 0x000000070be00000, 0x000000070c000000|  0%| F|  |TAMS 0x000000070be00000| PB 0x000000070be00000| Untracked 
|  57|0x000000070c000000, 0x000000070c000000, 0x000000070c200000|  0%| F|  |TAMS 0x000000070c000000| PB 0x000000070c000000| Untracked 
|  58|0x000000070c200000, 0x000000070c200000, 0x000000070c400000|  0%| F|  |TAMS 0x000000070c200000| PB 0x000000070c200000| Untracked 
|  59|0x000000070c400000, 0x000000070c400000, 0x000000070c600000|  0%| F|  |TAMS 0x000000070c400000| PB 0x000000070c400000| Untracked 
|  60|0x000000070c600000, 0x000000070c600000, 0x000000070c800000|  0%| F|  |TAMS 0x000000070c600000| PB 0x000000070c600000| Untracked 
|  61|0x000000070c800000, 0x000000070c800000, 0x000000070ca00000|  0%| F|  |TAMS 0x000000070c800000| PB 0x000000070c800000| Untracked 
|  62|0x000000070ca00000, 0x000000070ca00000, 0x000000070cc00000|  0%| F|  |TAMS 0x000000070ca00000| PB 0x000000070ca00000| Untracked 
|  63|0x000000070cc00000, 0x000000070cc00000, 0x000000070ce00000|  0%| F|  |TAMS 0x000000070cc00000| PB 0x000000070cc00000| Untracked 
|  64|0x000000070ce00000, 0x000000070ce00000, 0x000000070d000000|  0%| F|  |TAMS 0x000000070ce00000| PB 0x000000070ce00000| Untracked 
|  65|0x000000070d000000, 0x000000070d000000, 0x000000070d200000|  0%| F|  |TAMS 0x000000070d000000| PB 0x000000070d000000| Untracked 
|  66|0x000000070d200000, 0x000000070d200000, 0x000000070d400000|  0%| F|  |TAMS 0x000000070d200000| PB 0x000000070d200000| Untracked 
|  67|0x000000070d400000, 0x000000070d400000, 0x000000070d600000|  0%| F|  |TAMS 0x000000070d400000| PB 0x000000070d400000| Untracked 
|  68|0x000000070d600000, 0x000000070d600000, 0x000000070d800000|  0%| F|  |TAMS 0x000000070d600000| PB 0x000000070d600000| Untracked 
|  69|0x000000070d800000, 0x000000070d800000, 0x000000070da00000|  0%| F|  |TAMS 0x000000070d800000| PB 0x000000070d800000| Untracked 
|  70|0x000000070da00000, 0x000000070da00000, 0x000000070dc00000|  0%| F|  |TAMS 0x000000070da00000| PB 0x000000070da00000| Untracked 
|  71|0x000000070dc00000, 0x000000070dc00000, 0x000000070de00000|  0%| F|  |TAMS 0x000000070dc00000| PB 0x000000070dc00000| Untracked 
|  72|0x000000070de00000, 0x000000070de00000, 0x000000070e000000|  0%| F|  |TAMS 0x000000070de00000| PB 0x000000070de00000| Untracked 
|  73|0x000000070e000000, 0x000000070e000000, 0x000000070e200000|  0%| F|  |TAMS 0x000000070e000000| PB 0x000000070e000000| Untracked 
|  74|0x000000070e200000, 0x000000070e200000, 0x000000070e400000|  0%| F|  |TAMS 0x000000070e200000| PB 0x000000070e200000| Untracked 
|  75|0x000000070e400000, 0x000000070e400000, 0x000000070e600000|  0%| F|  |TAMS 0x000000070e400000| PB 0x000000070e400000| Untracked 
|  76|0x000000070e600000, 0x000000070e600000, 0x000000070e800000|  0%| F|  |TAMS 0x000000070e600000| PB 0x000000070e600000| Untracked 
|  77|0x000000070e800000, 0x000000070e800000, 0x000000070ea00000|  0%| F|  |TAMS 0x000000070e800000| PB 0x000000070e800000| Untracked 
|  78|0x000000070ea00000, 0x000000070ea00000, 0x000000070ec00000|  0%| F|  |TAMS 0x000000070ea00000| PB 0x000000070ea00000| Untracked 
|  79|0x000000070ec00000, 0x000000070ec00000, 0x000000070ee00000|  0%| F|  |TAMS 0x000000070ec00000| PB 0x000000070ec00000| Untracked 
|  80|0x000000070ee00000, 0x000000070ee00000, 0x000000070f000000|  0%| F|  |TAMS 0x000000070ee00000| PB 0x000000070ee00000| Untracked 
|  81|0x000000070f000000, 0x000000070f000000, 0x000000070f200000|  0%| F|  |TAMS 0x000000070f000000| PB 0x000000070f000000| Untracked 
|  82|0x000000070f200000, 0x000000070f200000, 0x000000070f400000|  0%| F|  |TAMS 0x000000070f200000| PB 0x000000070f200000| Untracked 
|  83|0x000000070f400000, 0x000000070f400000, 0x000000070f600000|  0%| F|  |TAMS 0x000000070f400000| PB 0x000000070f400000| Untracked 
|  84|0x000000070f600000, 0x000000070f600000, 0x000000070f800000|  0%| F|  |TAMS 0x000000070f600000| PB 0x000000070f600000| Untracked 
|  85|0x000000070f800000, 0x000000070f800000, 0x000000070fa00000|  0%| F|  |TAMS 0x000000070f800000| PB 0x000000070f800000| Untracked 
|  86|0x000000070fa00000, 0x000000070fa00000, 0x000000070fc00000|  0%| F|  |TAMS 0x000000070fa00000| PB 0x000000070fa00000| Untracked 
|  87|0x000000070fc00000, 0x000000070fc00000, 0x000000070fe00000|  0%| F|  |TAMS 0x000000070fc00000| PB 0x000000070fc00000| Untracked 
|  88|0x000000070fe00000, 0x000000070fe00000, 0x0000000710000000|  0%| F|  |TAMS 0x000000070fe00000| PB 0x000000070fe00000| Untracked 
|  89|0x0000000710000000, 0x0000000710000000, 0x0000000710200000|  0%| F|  |TAMS 0x0000000710000000| PB 0x0000000710000000| Untracked 
|  90|0x0000000710200000, 0x0000000710200000, 0x0000000710400000|  0%| F|  |TAMS 0x0000000710200000| PB 0x0000000710200000| Untracked 
|  91|0x0000000710400000, 0x0000000710400000, 0x0000000710600000|  0%| F|  |TAMS 0x0000000710400000| PB 0x0000000710400000| Untracked 
|  92|0x0000000710600000, 0x0000000710600000, 0x0000000710800000|  0%| F|  |TAMS 0x0000000710600000| PB 0x0000000710600000| Untracked 
|  93|0x0000000710800000, 0x0000000710800000, 0x0000000710a00000|  0%| F|  |TAMS 0x0000000710800000| PB 0x0000000710800000| Untracked 
|  94|0x0000000710a00000, 0x0000000710a00000, 0x0000000710c00000|  0%| F|  |TAMS 0x0000000710a00000| PB 0x0000000710a00000| Untracked 
|  95|0x0000000710c00000, 0x0000000710c00000, 0x0000000710e00000|  0%| F|  |TAMS 0x0000000710c00000| PB 0x0000000710c00000| Untracked 
|  96|0x0000000710e00000, 0x0000000710e00000, 0x0000000711000000|  0%| F|  |TAMS 0x0000000710e00000| PB 0x0000000710e00000| Untracked 
|  97|0x0000000711000000, 0x0000000711000000, 0x0000000711200000|  0%| F|  |TAMS 0x0000000711000000| PB 0x0000000711000000| Untracked 
|  98|0x0000000711200000, 0x00000007112f5db0, 0x0000000711400000| 48%| E|  |TAMS 0x0000000711200000| PB 0x0000000711200000| Complete 
|  99|0x0000000711400000, 0x0000000711600000, 0x0000000711600000|100%| E|CS|TAMS 0x0000000711400000| PB 0x0000000711400000| Complete 
| 100|0x0000000711600000, 0x0000000711800000, 0x0000000711800000|100%| E|CS|TAMS 0x0000000711600000| PB 0x0000000711600000| Complete 
| 101|0x0000000711800000, 0x0000000711a00000, 0x0000000711a00000|100%| E|CS|TAMS 0x0000000711800000| PB 0x0000000711800000| Complete 
| 102|0x0000000711a00000, 0x0000000711c00000, 0x0000000711c00000|100%| E|CS|TAMS 0x0000000711a00000| PB 0x0000000711a00000| Complete 
| 103|0x0000000711c00000, 0x0000000711e00000, 0x0000000711e00000|100%| E|CS|TAMS 0x0000000711c00000| PB 0x0000000711c00000| Complete 
| 104|0x0000000711e00000, 0x0000000712000000, 0x0000000712000000|100%| E|CS|TAMS 0x0000000711e00000| PB 0x0000000711e00000| Complete 
| 105|0x0000000712000000, 0x0000000712200000, 0x0000000712200000|100%| E|CS|TAMS 0x0000000712000000| PB 0x0000000712000000| Complete 
| 106|0x0000000712200000, 0x0000000712400000, 0x0000000712400000|100%| E|  |TAMS 0x0000000712200000| PB 0x0000000712200000| Complete 
| 107|0x0000000712400000, 0x0000000712600000, 0x0000000712600000|100%| E|CS|TAMS 0x0000000712400000| PB 0x0000000712400000| Complete 
| 108|0x0000000712600000, 0x0000000712800000, 0x0000000712800000|100%| E|CS|TAMS 0x0000000712600000| PB 0x0000000712600000| Complete 
| 109|0x0000000712800000, 0x0000000712a00000, 0x0000000712a00000|100%| E|CS|TAMS 0x0000000712800000| PB 0x0000000712800000| Complete 
| 110|0x0000000712a00000, 0x0000000712c00000, 0x0000000712c00000|100%| E|CS|TAMS 0x0000000712a00000| PB 0x0000000712a00000| Complete 
| 111|0x0000000712c00000, 0x0000000712e00000, 0x0000000712e00000|100%| E|CS|TAMS 0x0000000712c00000| PB 0x0000000712c00000| Complete 
| 112|0x0000000712e00000, 0x0000000713000000, 0x0000000713000000|100%| E|CS|TAMS 0x0000000712e00000| PB 0x0000000712e00000| Complete 
| 113|0x0000000713000000, 0x0000000713200000, 0x0000000713200000|100%| E|CS|TAMS 0x0000000713000000| PB 0x0000000713000000| Complete 
| 114|0x0000000713200000, 0x0000000713400000, 0x0000000713400000|100%| E|CS|TAMS 0x0000000713200000| PB 0x0000000713200000| Complete 
| 115|0x0000000713400000, 0x0000000713600000, 0x0000000713600000|100%| E|CS|TAMS 0x0000000713400000| PB 0x0000000713400000| Complete 
| 116|0x0000000713600000, 0x0000000713800000, 0x0000000713800000|100%| E|CS|TAMS 0x0000000713600000| PB 0x0000000713600000| Complete 
| 117|0x0000000713800000, 0x00000007139b3c20, 0x0000000713a00000| 85%| S|CS|TAMS 0x0000000713800000| PB 0x0000000713800000| Complete 
| 118|0x0000000713a00000, 0x0000000713c00000, 0x0000000713c00000|100%| E|CS|TAMS 0x0000000713a00000| PB 0x0000000713a00000| Complete 
| 119|0x0000000713c00000, 0x0000000713e00000, 0x0000000713e00000|100%| E|CS|TAMS 0x0000000713c00000| PB 0x0000000713c00000| Complete 
| 120|0x0000000713e00000, 0x0000000714000000, 0x0000000714000000|100%| E|CS|TAMS 0x0000000713e00000| PB 0x0000000713e00000| Complete 
| 121|0x0000000714000000, 0x0000000714200000, 0x0000000714200000|100%| E|CS|TAMS 0x0000000714000000| PB 0x0000000714000000| Complete 
| 122|0x0000000714200000, 0x0000000714400000, 0x0000000714400000|100%| E|CS|TAMS 0x0000000714200000| PB 0x0000000714200000| Complete 
| 123|0x0000000714400000, 0x0000000714600000, 0x0000000714600000|100%| E|CS|TAMS 0x0000000714400000| PB 0x0000000714400000| Complete 
| 124|0x0000000714600000, 0x0000000714800000, 0x0000000714800000|100%| E|CS|TAMS 0x0000000714600000| PB 0x0000000714600000| Complete 
| 125|0x0000000714800000, 0x0000000714a00000, 0x0000000714a00000|100%| E|CS|TAMS 0x0000000714800000| PB 0x0000000714800000| Complete 

Card table byte_map: [0x000001b77da90000,0x000001b77e270000] _byte_map_base: 0x000001b77a269000

Marking Bits: (CMBitMap*) 0x000001b76597bf40
 Bits: [0x000001b700000000, 0x000001b703ec8000)

Polling page: 0x000001b763830000

Metaspace:

Usage:
  Non-class:     15.91 MB used.
      Class:      2.31 MB used.
       Both:     18.22 MB used.

Virtual space:
  Non-class space:       64.00 MB reserved,      16.06 MB ( 25%) committed,  1 nodes.
      Class space:        1.00 GB reserved,       2.50 MB ( <1%) committed,  1 nodes.
             Both:        1.06 GB reserved,      18.56 MB (  2%) committed. 

Chunk freelists:
   Non-Class:  15.55 MB
       Class:  13.48 MB
        Both:  29.03 MB

MaxMetaspaceSize: unlimited
CompressedClassSpaceSize: 1.00 GB
Initial GC threshold: 21.00 MB
Current GC threshold: 21.00 MB
CDS: on
 - commit_granule_bytes: 65536.
 - commit_granule_words: 8192.
 - virtual_space_node_default_size: 8388608.
 - enlarge_chunks_in_place: 1.
 - use_allocation_guard: 0.


Internal statistics:

num_allocs_failed_limit: 0.
num_arena_births: 458.
num_arena_deaths: 0.
num_vsnodes_births: 2.
num_vsnodes_deaths: 0.
num_space_committed: 297.
num_space_uncommitted: 0.
num_chunks_returned_to_freelist: 0.
num_chunks_taken_from_freelist: 1031.
num_chunk_merges: 0.
num_chunk_splits: 628.
num_chunks_enlarged: 364.
num_inconsistent_stats: 0.

CodeHeap 'non-profiled nmethods': size=120000Kb used=1060Kb max_used=1060Kb free=118939Kb
 bounds [0x000001b775830000, 0x000001b775aa0000, 0x000001b77cd60000]
CodeHeap 'profiled nmethods': size=120000Kb used=4845Kb max_used=4845Kb free=115155Kb
 bounds [0x000001b76dd60000, 0x000001b76e220000, 0x000001b775290000]
CodeHeap 'non-nmethods': size=5760Kb used=1430Kb max_used=1456Kb free=4329Kb
 bounds [0x000001b775290000, 0x000001b775500000, 0x000001b775830000]
 total_blobs=3078 nmethods=2557 adapters=425
 compilation: enabled
              stopped_count=0, restarted_count=0
 full_count=0

Compilation events (20 events):
Event: 2.748 Thread 0x000001b74b010090 nmethod 2530 0x000001b76e1f3b90 code [0x000001b76e1f3d20, 0x000001b76e1f3e68]
Event: 2.748 Thread 0x000001b74b010090 2502       3       java.util.ArrayDeque::<init> (35 bytes)
Event: 2.748 Thread 0x000001b74b010090 nmethod 2502 0x000001b76e1f3f10 code [0x000001b76e1f40c0, 0x000001b76e1f4430]
Event: 2.748 Thread 0x000001b74b010090 2527       1       java.nio.file.FileTreeWalker$DirectoryNode::skipped (5 bytes)
Event: 2.749 Thread 0x000001b74b010090 nmethod 2527 0x000001b775933890 code [0x000001b775933a20, 0x000001b775933af0]
Event: 2.749 Thread 0x000001b74b010090 2528       1       java.nio.file.FileTreeWalker$DirectoryNode::iterator (5 bytes)
Event: 2.749 Thread 0x000001b74b010090 nmethod 2528 0x000001b775933b90 code [0x000001b775933d20, 0x000001b775933df0]
Event: 2.749 Thread 0x000001b74b010090 2526       1       java.nio.file.FileTreeWalker$Event::ioeException (5 bytes)
Event: 2.749 Thread 0x000001b74b010090 nmethod 2526 0x000001b775933e90 code [0x000001b775934020, 0x000001b7759340f0]
Event: 2.749 Thread 0x000001b74b010090 2535       3       java.util.BitSet::wordIndex (5 bytes)
Event: 2.749 Thread 0x000001b74b010090 nmethod 2535 0x000001b76e1f4510 code [0x000001b76e1f46a0, 0x000001b76e1f4790]
Event: 2.749 Thread 0x000001b74b010090 2536       3       java.util.BitSet::checkInvariants (111 bytes)
Event: 2.749 Thread 0x000001b74b010090 nmethod 2536 0x000001b76e1f4810 code [0x000001b76e1f49c0, 0x000001b76e1f4af8]
Event: 2.749 Thread 0x000001b74b010090 2538       3       sun.nio.fs.WindowsPath::compareTo (118 bytes)
Event: 2.751 Thread 0x000001b77ececc30 nmethod 2533 0x000001b775934190 code [0x000001b775934320, 0x000001b775934528]
Event: 2.751 Thread 0x000001b77ececc30 2540       4       java.util.HashMap::putVal (300 bytes)
Event: 2.751 Thread 0x000001b74b010090 nmethod 2538 0x000001b76e1f4b90 code [0x000001b76e1f4ec0, 0x000001b76e1f6368]
Event: 2.751 Thread 0x000001b74b010090 2539       3       org.springframework.util.StringUtils::delimitedListToStringArray (164 bytes)
Event: 2.753 Thread 0x000001b74b010090 nmethod 2539 0x000001b76e1f6c10 code [0x000001b76e1f7020, 0x000001b76e1f9130]
Event: 2.753 Thread 0x000001b74b010090 2542       3       org.springframework.util.StringUtils::cleanPath (322 bytes)

GC Heap History (4 events):
Event: 0.930 GC heap before
{Heap before GC invocations=0 (full 0):
 garbage-first heap   total 258048K, used 20480K [0x0000000704e00000, 0x0000000800000000)
  region size 2048K, 11 young (22528K), 0 survivors (0K)
 Metaspace       used 3711K, committed 3904K, reserved 1114112K
  class space    used 348K, committed 448K, reserved 1048576K
}
Event: 0.987 GC heap after
{Heap after GC invocations=1 (full 0):
 garbage-first heap   total 258048K, used 11412K [0x0000000704e00000, 0x0000000800000000)
  region size 2048K, 2 young (4096K), 2 survivors (4096K)
 Metaspace       used 3711K, committed 3904K, reserved 1114112K
  class space    used 348K, committed 448K, reserved 1048576K
}
Event: 1.707 GC heap before
{Heap before GC invocations=1 (full 0):
 garbage-first heap   total 258048K, used 27796K [0x0000000704e00000, 0x0000000800000000)
  region size 2048K, 10 young (20480K), 2 survivors (4096K)
 Metaspace       used 9453K, committed 9792K, reserved 1114112K
  class space    used 1044K, committed 1216K, reserved 1048576K
}
Event: 1.713 GC heap after
{Heap after GC invocations=2 (full 0):
 garbage-first heap   total 258048K, used 13401K [0x0000000704e00000, 0x0000000800000000)
  region size 2048K, 1 young (2048K), 1 survivors (2048K)
 Metaspace       used 9453K, committed 9792K, reserved 1114112K
  class space    used 1044K, committed 1216K, reserved 1048576K
}

Dll operation events (12 events):
Event: 0.018 Loaded shared library C:\Program Files\Java\jdk-21\bin\java.dll
Event: 0.066 Loaded shared library C:\Program Files\Java\jdk-21\bin\jsvml.dll
Event: 0.286 Loaded shared library C:\Program Files\Java\jdk-21\bin\zip.dll
Event: 0.293 Loaded shared library C:\Program Files\Java\jdk-21\bin\instrument.dll
Event: 0.302 Loaded shared library C:\Program Files\Java\jdk-21\bin\net.dll
Event: 0.306 Loaded shared library C:\Program Files\Java\jdk-21\bin\nio.dll
Event: 0.311 Loaded shared library C:\Program Files\Java\jdk-21\bin\zip.dll
Event: 0.385 Loaded shared library C:\Program Files\Java\jdk-21\bin\jimage.dll
Event: 0.682 Loaded shared library C:\Program Files\Java\jdk-21\bin\extnet.dll
Event: 0.700 Loaded shared library C:\Program Files\Java\jdk-21\bin\management.dll
Event: 0.706 Loaded shared library C:\Program Files\Java\jdk-21\bin\verify.dll
Event: 0.726 Loaded shared library C:\Program Files\Java\jdk-21\bin\management_ext.dll

Deoptimization events (20 events):
Event: 2.724 Thread 0x000001b74c2ca4c0 Uncommon trap: trap_request=0xffffff45 fr.pc=0x000001b7758768dc relative=0x000000000000019c
Event: 2.724 Thread 0x000001b74c2ca4c0 Uncommon trap: reason=unstable_if action=reinterpret pc=0x000001b7758768dc method=java.util.zip.ZipCoder.hash(Ljava/lang/String;)I @ 23 c2
Event: 2.724 Thread 0x000001b74c2ca4c0 DEOPT PACKING pc=0x000001b7758768dc sp=0x00000034badfd9b0
Event: 2.724 Thread 0x000001b74c2ca4c0 DEOPT UNPACKING pc=0x000001b7752e46a2 sp=0x00000034badfd938 mode 2
Event: 2.724 Thread 0x000001b74c2ca4c0 Uncommon trap: trap_request=0xffffff45 fr.pc=0x000001b7758f1c60 relative=0x0000000000001500
Event: 2.724 Thread 0x000001b74c2ca4c0 Uncommon trap: reason=unstable_if action=reinterpret pc=0x000001b7758f1c60 method=java.util.zip.ZipCoder.hash(Ljava/lang/String;)I @ 23 c2
Event: 2.724 Thread 0x000001b74c2ca4c0 DEOPT PACKING pc=0x000001b7758f1c60 sp=0x00000034badfda50
Event: 2.724 Thread 0x000001b74c2ca4c0 DEOPT UNPACKING pc=0x000001b7752e46a2 sp=0x00000034badfd8a8 mode 2
Event: 2.729 Thread 0x000001b74c2cbf00 Uncommon trap: trap_request=0xffffffde fr.pc=0x000001b7758ee894 relative=0x00000000000009d4
Event: 2.729 Thread 0x000001b74c2cbf00 Uncommon trap: reason=class_check action=maybe_recompile pc=0x000001b7758ee894 method=java.util.HashMap.putVal(ILjava/lang/Object;Ljava/lang/Object;ZZ)Ljava/lang/Object; @ 203 c2
Event: 2.729 Thread 0x000001b74c2cbf00 DEOPT PACKING pc=0x000001b7758ee894 sp=0x00000034baefeef0
Event: 2.729 Thread 0x000001b74c2cbf00 DEOPT UNPACKING pc=0x000001b7752e46a2 sp=0x00000034baefee90 mode 2
Event: 2.729 Thread 0x000001b74c2cbf00 Uncommon trap: trap_request=0xffffffde fr.pc=0x000001b7758ee894 relative=0x00000000000009d4
Event: 2.729 Thread 0x000001b74c2cbf00 Uncommon trap: reason=class_check action=maybe_recompile pc=0x000001b7758ee894 method=java.util.HashMap.putVal(ILjava/lang/Object;Ljava/lang/Object;ZZ)Ljava/lang/Object; @ 203 c2
Event: 2.729 Thread 0x000001b74c2cbf00 DEOPT PACKING pc=0x000001b7758ee894 sp=0x00000034baefeef0
Event: 2.729 Thread 0x000001b74c2cbf00 DEOPT UNPACKING pc=0x000001b7752e46a2 sp=0x00000034baefee90 mode 2
Event: 2.729 Thread 0x000001b74c2cbf00 Uncommon trap: trap_request=0xffffffde fr.pc=0x000001b7758ee894 relative=0x00000000000009d4
Event: 2.729 Thread 0x000001b74c2cbf00 Uncommon trap: reason=class_check action=maybe_recompile pc=0x000001b7758ee894 method=java.util.HashMap.putVal(ILjava/lang/Object;Ljava/lang/Object;ZZ)Ljava/lang/Object; @ 203 c2
Event: 2.729 Thread 0x000001b74c2cbf00 DEOPT PACKING pc=0x000001b7758ee894 sp=0x00000034baefefb0
Event: 2.729 Thread 0x000001b74c2cbf00 DEOPT UNPACKING pc=0x000001b7752e46a2 sp=0x00000034baefef50 mode 2

Classes loaded (20 events):
Event: 2.729 Loading class java/nio/file/FileTreeWalker$Event
Event: 2.729 Loading class java/nio/file/FileTreeWalker$Event done
Event: 2.729 Loading class java/nio/file/FileTreeWalker$EventType
Event: 2.729 Loading class java/nio/file/FileTreeWalker$EventType done
Event: 2.730 Loading class java/util/stream/SortedOps
Event: 2.730 Loading class java/util/stream/SortedOps done
Event: 2.730 Loading class java/util/stream/SortedOps$OfRef
Event: 2.730 Loading class java/util/stream/SortedOps$OfRef done
Event: 2.730 Loading class java/util/Comparators$NaturalOrderComparator
Event: 2.730 Loading class java/util/Comparators$NaturalOrderComparator done
Event: 2.731 Loading class java/util/stream/SortedOps$RefSortingSink
Event: 2.731 Loading class java/util/stream/SortedOps$AbstractRefSortingSink
Event: 2.731 Loading class java/util/stream/SortedOps$AbstractRefSortingSink done
Event: 2.731 Loading class java/util/stream/SortedOps$RefSortingSink done
Event: 2.732 Loading class java/util/regex/Pattern$LazyLoop
Event: 2.733 Loading class java/util/regex/Pattern$Loop
Event: 2.733 Loading class java/util/regex/Pattern$Loop done
Event: 2.733 Loading class java/util/regex/Pattern$LazyLoop done
Event: 2.733 Loading class java/util/regex/Pattern$Prolog
Event: 2.734 Loading class java/util/regex/Pattern$Prolog done

Classes unloaded (0 events):
No events

Classes redefined (0 events):
No events

Internal exceptions (20 events):
Event: 2.275 Thread 0x000001b74c2ca4c0 Exception <a 'java/lang/NoSuchMethodError'{0x0000000712ccb0f0}: 'java.lang.Object java.lang.invoke.DirectMethodHandle$Holder.newInvokeSpecial(java.lang.Object, int, java.lang.Object)'> (0x0000000712ccb0f0) 
thrown [s\open\src\hotspot\share\interpreter\linkResolver.cpp, line 773]
Event: 2.276 Thread 0x000001b74c2ca4c0 Exception <a 'java/lang/NoSuchMethodError'{0x0000000712ccee30}: 'int java.lang.invoke.DirectMethodHandle$Holder.invokeSpecialIFC(java.lang.Object, java.lang.Object, java.lang.Object, java.lang.Object)'> (0x0000000712ccee30) 
thrown [s\open\src\hotspot\share\interpreter\linkResolver.cpp, line 773]
Event: 2.303 Thread 0x000001b74c2ca4c0 Exception <a 'java/lang/NoSuchMethodError'{0x0000000712d91f88}: 'void java.lang.invoke.DirectMethodHandle$Holder.invokeInterface(java.lang.Object, java.lang.Object, java.lang.Object)'> (0x0000000712d91f88) 
thrown [s\open\src\hotspot\share\interpreter\linkResolver.cpp, line 773]
Event: 2.324 Thread 0x000001b74c2ca4c0 Exception <a 'java/lang/NoSuchMethodError'{0x0000000712a22cd0}: 'void java.lang.invoke.DirectMethodHandle$Holder.invokeStaticInit(java.lang.Object, java.lang.Object)'> (0x0000000712a22cd0) 
thrown [s\open\src\hotspot\share\interpreter\linkResolver.cpp, line 773]
Event: 2.326 Thread 0x000001b74c2ca4c0 Exception <a 'java/lang/NoSuchMethodError'{0x0000000712a2e368}: 'void java.lang.invoke.DirectMethodHandle$Holder.invokeStaticInit(java.lang.Object, java.lang.Object, java.lang.Object)'> (0x0000000712a2e368) 
thrown [s\open\src\hotspot\share\interpreter\linkResolver.cpp, line 773]
Event: 2.333 Thread 0x000001b74c2ca4c0 Exception <a 'java/lang/NoSuchMethodError'{0x0000000712a694c8}: 'java.lang.Object java.lang.invoke.DirectMethodHandle$Holder.invokeStatic(java.lang.Object, long, java.lang.Object)'> (0x0000000712a694c8) 
thrown [s\open\src\hotspot\share\interpreter\linkResolver.cpp, line 773]
Event: 2.333 Thread 0x000001b74c2ca4c0 Exception <a 'java/lang/NoSuchMethodError'{0x0000000712a6cb20}: 'java.lang.Object java.lang.invoke.DirectMethodHandle$Holder.invokeStaticInit(java.lang.Object, long, java.lang.Object)'> (0x0000000712a6cb20) 
thrown [s\open\src\hotspot\share\interpreter\linkResolver.cpp, line 773]
Event: 2.334 Thread 0x000001b74c2ca4c0 Exception <a 'java/lang/NoSuchMethodError'{0x0000000712a72288}: 'java.lang.Object java.lang.invoke.DirectMethodHandle$Holder.newInvokeSpecial(java.lang.Object, long)'> (0x0000000712a72288) 
thrown [s\open\src\hotspot\share\interpreter\linkResolver.cpp, line 773]
Event: 2.352 Thread 0x000001b74c2ca4c0 Exception <a 'java/lang/NoSuchMethodError'{0x0000000712aba7a0}: 'void java.lang.invoke.DirectMethodHandle$Holder.invokeVirtual(java.lang.Object, java.lang.Object, java.lang.Object, java.lang.Object)'> (0x0000000712aba7a0) 
thrown [s\open\src\hotspot\share\interpreter\linkResolver.cpp, line 773]
Event: 2.383 Thread 0x000001b74c2ca4c0 Exception <a 'java/lang/NoSuchMethodError'{0x0000000712bdd570}: 'void java.lang.invoke.DirectMethodHandle$Holder.invokeSpecial(java.lang.Object, java.lang.Object, java.lang.Object, java.lang.Object, java.lang.Object)'> (0x0000000712bdd570) 
thrown [s\open\src\hotspot\share\interpreter\linkResolver.cpp, line 773]
Event: 2.390 Thread 0x000001b74c2ca4c0 Exception <a 'java/lang/IncompatibleClassChangeError'{0x0000000712835348}: Found class java.lang.Object, but interface was expected> (0x0000000712835348) 
thrown [s\open\src\hotspot\share\interpreter\linkResolver.cpp, line 840]
Event: 2.396 Thread 0x000001b74c2ca4c0 Exception <a 'java/lang/NoSuchMethodError'{0x0000000712848df8}: 'java.lang.Object java.lang.invoke.DirectMethodHandle$Holder.invokeStaticInit(java.lang.Object, int)'> (0x0000000712848df8) 
thrown [s\open\src\hotspot\share\interpreter\linkResolver.cpp, line 773]
Event: 2.398 Thread 0x000001b74c2ca4c0 Exception <a 'java/lang/NoSuchMethodError'{0x0000000712852d68}: 'java.lang.Object java.lang.invoke.DirectMethodHandle$Holder.invokeStatic(java.lang.Object, int, java.lang.Object)'> (0x0000000712852d68) 
thrown [s\open\src\hotspot\share\interpreter\linkResolver.cpp, line 773]
Event: 2.399 Thread 0x000001b74c2ca4c0 Exception <a 'java/lang/NoSuchMethodError'{0x00000007128563b8}: 'java.lang.Object java.lang.invoke.DirectMethodHandle$Holder.invokeStaticInit(java.lang.Object, int, java.lang.Object)'> (0x00000007128563b8) 
thrown [s\open\src\hotspot\share\interpreter\linkResolver.cpp, line 773]
Event: 2.519 Thread 0x000001b77ece6980 Exception <a 'java/lang/NoSuchMethodError'{0x000000071200e290}: 'long java.lang.invoke.DirectMethodHandle$Holder.invokeVirtual(java.lang.Object, java.lang.Object)'> (0x000000071200e290) 
thrown [s\open\src\hotspot\share\interpreter\linkResolver.cpp, line 773]
Event: 2.520 Thread 0x000001b77ece6980 Exception <a 'java/lang/NoSuchMethodError'{0x0000000712011810}: 'long java.lang.invoke.DelegatingMethodHandle$Holder.reinvoke_L(java.lang.Object, java.lang.Object)'> (0x0000000712011810) 
thrown [s\open\src\hotspot\share\interpreter\linkResolver.cpp, line 773]
Event: 2.525 Thread 0x000001b74c2ca4c0 Exception <a 'java/lang/NoSuchMethodError'{0x000000071207a770}: 'int java.lang.invoke.Invokers$Holder.invokeExact_MT(java.lang.Object, java.lang.Object)'> (0x000000071207a770) 
thrown [s\open\src\hotspot\share\interpreter\linkResolver.cpp, line 773]
Event: 2.721 Thread 0x000001b74c2ca4c0 Exception <a 'java/lang/NoSuchMethodError'{0x00000007116ecef0}: 'java.lang.Object java.lang.invoke.DirectMethodHandle$Holder.invokeVirtual(java.lang.Object, java.lang.Object, java.lang.Object)'> (0x00000007116ecef0) 
thrown [s\open\src\hotspot\share\interpreter\linkResolver.cpp, line 773]
Event: 2.728 Thread 0x000001b74c2ca4c0 Exception <a 'java/lang/NoSuchMethodError'{0x00000007117340e0}: 'int java.lang.invoke.DirectMethodHandle$Holder.invokeSpecial(java.lang.Object, java.lang.Object, java.lang.Object, java.lang.Object, java.lang.Object)'> (0x00000007117340e0) 
thrown [s\open\src\hotspot\share\interpreter\linkResolver.cpp, line 773]
Event: 2.730 Thread 0x000001b74c2ca4c0 Exception <a 'java/lang/NoSuchMethodError'{0x000000071173bd98}: 'void java.lang.invoke.DirectMethodHandle$Holder.invokeVirtual(java.lang.Object, java.lang.Object)'> (0x000000071173bd98) 
thrown [s\open\src\hotspot\share\interpreter\linkResolver.cpp, line 773]

ZGC Phase Switch (0 events):
No events

VM Operations (20 events):
Event: 1.321 Executing VM operation: HandshakeAllThreads (Deoptimize)
Event: 1.321 Executing VM operation: HandshakeAllThreads (Deoptimize) done
Event: 1.653 Executing VM operation: HandshakeAllThreads (Deoptimize)
Event: 1.653 Executing VM operation: HandshakeAllThreads (Deoptimize) done
Event: 1.707 Executing VM operation: G1CollectForAllocation (G1 Evacuation Pause)
Event: 1.713 Executing VM operation: G1CollectForAllocation (G1 Evacuation Pause) done
Event: 1.974 Executing VM operation: HandshakeAllThreads (Deoptimize)
Event: 1.975 Executing VM operation: HandshakeAllThreads (Deoptimize) done
Event: 2.225 Executing VM operation: HandshakeAllThreads (Deoptimize)
Event: 2.225 Executing VM operation: HandshakeAllThreads (Deoptimize) done
Event: 2.379 Executing VM operation: HandshakeAllThreads (Deoptimize)
Event: 2.379 Executing VM operation: HandshakeAllThreads (Deoptimize) done
Event: 2.379 Executing VM operation: HandshakeAllThreads (Deoptimize)
Event: 2.379 Executing VM operation: HandshakeAllThreads (Deoptimize) done
Event: 2.395 Executing VM operation: ICBufferFull
Event: 2.396 Executing VM operation: ICBufferFull done
Event: 2.650 Executing VM operation: HandshakeAllThreads (Deoptimize)
Event: 2.650 Executing VM operation: HandshakeAllThreads (Deoptimize) done
Event: 2.710 Executing VM operation: HandshakeAllThreads (Deoptimize)
Event: 2.711 Executing VM operation: HandshakeAllThreads (Deoptimize) done

Events (20 events):
Event: 0.062 Thread 0x000001b77ecdf7b0 Thread added: 0x000001b77ecdf7b0
Event: 0.062 Thread 0x000001b77ece4230 Thread added: 0x000001b77ece4230
Event: 0.062 Thread 0x000001b77ece5c60 Thread added: 0x000001b77ece5c60
Event: 0.062 Thread 0x000001b77ece7d30 Thread added: 0x000001b77ece7d30
Event: 0.062 Thread 0x000001b77ece83c0 Thread added: 0x000001b77ece83c0
Event: 0.063 Thread 0x000001b77ece76a0 Thread added: 0x000001b77ece76a0
Event: 0.063 Thread 0x000001b77ececc30 Thread added: 0x000001b77ececc30
Event: 0.063 Thread 0x000001b74b010090 Thread added: 0x000001b74b010090
Event: 0.254 Thread 0x000001b77ece55d0 Thread added: 0x000001b77ece55d0
Event: 0.271 Thread 0x000001b74b126c20 Thread added: 0x000001b74b126c20
Event: 0.662 Thread 0x000001b77ece4f40 Thread added: 0x000001b77ece4f40
Event: 0.662 Thread 0x000001b77ece7010 Thread added: 0x000001b77ece7010
Event: 1.141 Thread 0x000001b74bfd6120 Thread added: 0x000001b74bfd6120
Event: 1.478 Thread 0x000001b77ece62f0 Thread added: 0x000001b77ece62f0
Event: 1.580 Thread 0x000001b77ece6980 Thread added: 0x000001b77ece6980
Event: 1.632 Thread 0x000001b74c2cb870 Thread added: 0x000001b74c2cb870
Event: 1.651 Thread 0x000001b74c2c9e30 Thread added: 0x000001b74c2c9e30
Event: 1.845 Thread 0x000001b74c2c97a0 Thread added: 0x000001b74c2c97a0
Event: 1.851 Thread 0x000001b74c2ca4c0 Thread added: 0x000001b74c2ca4c0
Event: 2.386 Thread 0x000001b74c2cbf00 Thread added: 0x000001b74c2cbf00


Dynamic libraries:
0x00007ff6dfdd0000 - 0x00007ff6dfde0000 	C:\Program Files\Java\jdk-21\bin\java.exe
0x00007ffd602e0000 - 0x00007ffd60546000 	C:\WINDOWS\SYSTEM32\ntdll.dll
0x00007ffd5f330000 - 0x00007ffd5f3f9000 	C:\WINDOWS\System32\KERNEL32.DLL
0x00007ffd5d950000 - 0x00007ffd5dd4e000 	C:\WINDOWS\System32\KERNELBASE.dll
0x00007ffd5d5c0000 - 0x00007ffd5d70c000 	C:\WINDOWS\System32\ucrtbase.dll
0x00007ffd47f00000 - 0x00007ffd47f19000 	C:\Program Files\Java\jdk-21\bin\jli.dll
0x00007ffd51320000 - 0x00007ffd5133b000 	C:\Program Files\Java\jdk-21\bin\VCRUNTIME140.dll
0x00007ffd5e3e0000 - 0x00007ffd5e497000 	C:\WINDOWS\System32\ADVAPI32.dll
0x00007ffd601f0000 - 0x00007ffd60299000 	C:\WINDOWS\System32\msvcrt.dll
0x00007ffd5fd70000 - 0x00007ffd5fe1a000 	C:\WINDOWS\System32\sechost.dll
0x00007ffd5fe40000 - 0x00007ffd5ff58000 	C:\WINDOWS\System32\RPCRT4.dll
0x00007ffd5f400000 - 0x00007ffd5f5c7000 	C:\WINDOWS\System32\USER32.dll
0x00007ffd3d5e0000 - 0x00007ffd3d872000 	C:\WINDOWS\WinSxS\amd64_microsoft.windows.common-controls_6595b64144ccf1df_6.0.26100.8894_none_3e0f749ee32e02ea\COMCTL32.dll
0x00007ffd5d720000 - 0x00007ffd5d747000 	C:\WINDOWS\System32\win32u.dll
0x00007ffd5e630000 - 0x00007ffd5e65b000 	C:\WINDOWS\System32\GDI32.dll
0x00007ffd5dee0000 - 0x00007ffd5e00a000 	C:\WINDOWS\System32\gdi32full.dll
0x00007ffd5d7e0000 - 0x00007ffd5d883000 	C:\WINDOWS\System32\msvcp_win.dll
0x00007ffd45e70000 - 0x00007ffd45e7b000 	C:\WINDOWS\SYSTEM32\VERSION.dll
0x00007ffd5ff60000 - 0x00007ffd5ff92000 	C:\WINDOWS\System32\IMM32.DLL
0x00007ffd51310000 - 0x00007ffd5131c000 	C:\Program Files\Java\jdk-21\bin\vcruntime140_1.dll
0x00007ffcf9ce0000 - 0x00007ffcf9d6e000 	C:\Program Files\Java\jdk-21\bin\msvcp140.dll
0x00007ffc8a2f0000 - 0x00007ffc8b007000 	C:\Program Files\Java\jdk-21\bin\server\jvm.dll
0x00007ffd5e350000 - 0x00007ffd5e3d0000 	C:\WINDOWS\System32\WS2_32.dll
0x00007ffd5d360000 - 0x00007ffd5d3be000 	C:\WINDOWS\SYSTEM32\POWRPROF.dll
0x00007ffd513b0000 - 0x00007ffd513e6000 	C:\WINDOWS\SYSTEM32\WINMM.dll
0x00007ffd5d340000 - 0x00007ffd5d354000 	C:\WINDOWS\SYSTEM32\UMPDC.dll
0x00007ffd5c1a0000 - 0x00007ffd5c1bb000 	C:\WINDOWS\SYSTEM32\kernel.appcore.dll
0x00007ffd512f0000 - 0x00007ffd512fa000 	C:\Program Files\Java\jdk-21\bin\jimage.dll
0x00007ffd5a9e0000 - 0x00007ffd5ac22000 	C:\WINDOWS\SYSTEM32\DBGHELP.DLL
0x00007ffd5f5d0000 - 0x00007ffd5f953000 	C:\WINDOWS\System32\combase.dll
0x00007ffd5fa60000 - 0x00007ffd5fb39000 	C:\WINDOWS\System32\OLEAUT32.dll
0x00007ffd39c90000 - 0x00007ffd39ccb000 	C:\WINDOWS\SYSTEM32\dbgcore.DLL
0x00007ffd5d500000 - 0x00007ffd5d5ac000 	C:\WINDOWS\System32\bcryptPrimitives.dll
0x00007ffd47ef0000 - 0x00007ffd47eff000 	C:\Program Files\Java\jdk-21\bin\instrument.dll
0x00007ffd3eae0000 - 0x00007ffd3eaff000 	C:\Program Files\Java\jdk-21\bin\java.dll
0x00007ffd5eb90000 - 0x00007ffd5f322000 	C:\WINDOWS\System32\SHELL32.dll
0x00007ffd5af60000 - 0x00007ffd5b7f2000 	C:\WINDOWS\SYSTEM32\windows.storage.dll
0x00007ffd5f960000 - 0x00007ffd5fa57000 	C:\WINDOWS\System32\SHCORE.dll
0x00007ffd5eb20000 - 0x00007ffd5eb87000 	C:\WINDOWS\System32\shlwapi.dll
0x00007ffd5d420000 - 0x00007ffd5d449000 	C:\WINDOWS\SYSTEM32\profapi.dll
0x00007ffcb4080000 - 0x00007ffcb4157000 	C:\Program Files\Java\jdk-21\bin\jsvml.dll
0x00007ffd3e970000 - 0x00007ffd3e988000 	C:\Program Files\Java\jdk-21\bin\zip.dll
0x00007ffd47ee0000 - 0x00007ffd47ef0000 	C:\Program Files\Java\jdk-21\bin\net.dll
0x00007ffd53840000 - 0x00007ffd53967000 	C:\WINDOWS\SYSTEM32\WINHTTP.dll
0x00007ffd5c730000 - 0x00007ffd5c79c000 	C:\WINDOWS\system32\mswsock.dll
0x00007ffd3e990000 - 0x00007ffd3e9a6000 	C:\Program Files\Java\jdk-21\bin\nio.dll
0x00007ffd5bb90000 - 0x00007ffd5bce6000 	C:\WINDOWS\SYSTEM32\DNSAPI.dll
0x00007ffd5c530000 - 0x00007ffd5c53d000 	C:\WINDOWS\SYSTEM32\DSPARSE.dll
0x00007ffd5bb50000 - 0x00007ffd5bb83000 	C:\WINDOWS\SYSTEM32\IPHLPAPI.DLL
0x00007ffd5eb10000 - 0x00007ffd5eb1a000 	C:\WINDOWS\System32\NSI.dll
0x00007ffd362d0000 - 0x00007ffd362d9000 	C:\Program Files\Java\jdk-21\bin\extnet.dll
0x00007ffd4af90000 - 0x00007ffd4af9b000 	C:\Windows\System32\rasadhlp.dll
0x00007ffd54240000 - 0x00007ffd542c6000 	C:\WINDOWS\System32\fwpuclnt.dll
0x00007ffd33c90000 - 0x00007ffd33c9a000 	C:\Program Files\Java\jdk-21\bin\management.dll
0x00007ffd33ca0000 - 0x00007ffd33cb0000 	C:\Program Files\Java\jdk-21\bin\verify.dll
0x00007ffd33c80000 - 0x00007ffd33c8b000 	C:\Program Files\Java\jdk-21\bin\management_ext.dll
0x00007ffd5eaf0000 - 0x00007ffd5eaf8000 	C:\WINDOWS\System32\PSAPI.DLL
0x00007ffd5cb60000 - 0x00007ffd5cb7b000 	C:\WINDOWS\SYSTEM32\CRYPTSP.dll
0x00007ffd5c100000 - 0x00007ffd5c139000 	C:\WINDOWS\system32\rsaenh.dll
0x00007ffd5c7f0000 - 0x00007ffd5c822000 	C:\WINDOWS\SYSTEM32\USERENV.dll
0x00007ffd5d3f0000 - 0x00007ffd5d41a000 	C:\WINDOWS\SYSTEM32\bcrypt.dll
0x00007ffd5c9a0000 - 0x00007ffd5c9ac000 	C:\WINDOWS\SYSTEM32\CRYPTBASE.dll
0x00007ffd36170000 - 0x00007ffd36188000 	C:\WINDOWS\system32\napinsp.dll
0x00007ffd3fb60000 - 0x00007ffd3fb73000 	C:\WINDOWS\System32\winrnr.dll
0x00007ffd2e100000 - 0x00007ffd2e122000 	C:\WINDOWS\system32\nlansp_c.dll
0x00007ffd4af70000 - 0x00007ffd4af86000 	C:\WINDOWS\system32\wshbth.dll
0x00007ffd35a40000 - 0x00007ffd35a98000 	C:\WINDOWS\SYSTEM32\pdh.dll
0x00007ffd35db0000 - 0x00007ffd35dc2000 	C:\WINDOWS\System32\perfproc.dll
0x00007ffd24220000 - 0x00007ffd24231000 	C:\WINDOWS\System32\perfos.dll
0x00007ffd5b820000 - 0x00007ffd5b832000 	C:\WINDOWS\SYSTEM32\pfclient.dll

dbghelp: loaded successfully - version: 4.0.5 - missing functions: none
symbol engine: initialized successfully - sym options: 0x614 - pdb path: .;C:\Program Files\Java\jdk-21\bin;C:\WINDOWS\SYSTEM32;C:\WINDOWS\WinSxS\amd64_microsoft.windows.common-controls_6595b64144ccf1df_6.0.26100.8894_none_3e0f749ee32e02ea;C:\Program Files\Java\jdk-21\bin\server

VM Arguments:
jvm_args: -javaagent:C:\Program Files\JetBrains\IntelliJ IDEA Community Edition 2025.2\lib\idea_rt.jar=59448 -Dfile.encoding=UTF-8 -Dsun.stdout.encoding=UTF-8 -Dsun.stderr.encoding=UTF-8 
java_command: bt.ricb.ricb_api.RicbApiApplication
java_class_path (initial): D:\RICB\RICB_backend\target\classes;C:\Users\lekih\.m2\repository\org\springframework\boot\spring-boot-starter-web\3.0.13\spring-boot-starter-web-3.0.13.jar;C:\Users\lekih\.m2\repository\org\springframework\boot\spring-boot-starter\3.0.13\spring-boot-starter-3.0.13.jar;C:\Users\lekih\.m2\repository\org\springframework\boot\spring-boot-starter-logging\3.0.13\spring-boot-starter-logging-3.0.13.jar;C:\Users\lekih\.m2\repository\ch\qos\logback\logback-classic\1.4.11\logback-classic-1.4.11.jar;C:\Users\lekih\.m2\repository\ch\qos\logback\logback-core\1.4.11\logback-core-1.4.11.jar;C:\Users\lekih\.m2\repository\org\apache\logging\log4j\log4j-to-slf4j\2.19.0\log4j-to-slf4j-2.19.0.jar;C:\Users\lekih\.m2\repository\org\apache\logging\log4j\log4j-api\2.19.0\log4j-api-2.19.0.jar;C:\Users\lekih\.m2\repository\org\slf4j\jul-to-slf4j\2.0.9\jul-to-slf4j-2.0.9.jar;C:\Users\lekih\.m2\repository\jakarta\annotation\jakarta.annotation-api\2.1.1\jakarta.annotation-api-2.1.1.jar;C:\Users\lekih\.m2\repository\org\yaml\snakeyaml\1.33\snakeyaml-1.33.jar;C:\Users\lekih\.m2\repository\org\springframework\boot\spring-boot-starter-json\3.0.13\spring-boot-starter-json-3.0.13.jar;C:\Users\lekih\.m2\repository\com\fasterxml\jackson\datatype\jackson-datatype-jdk8\2.14.3\jackson-datatype-jdk8-2.14.3.jar;C:\Users\lekih\.m2\repository\com\fasterxml\jackson\module\jackson-module-parameter-names\2.14.3\jackson-module-parameter-names-2.14.3.jar;C:\Users\lekih\.m2\repository\org\springframework\boot\spring-boot-starter-tomcat\3.0.13\spring-boot-starter-tomcat-3.0.13.jar;C:\Users\lekih\.m2\repository\org\apache\tomcat\embed\tomcat-embed-core\10.1.16\tomcat-embed-core-10.1.16.jar;C:\Users\lekih\.m2\repository\org\apache\tomcat\embed\tomcat-embed-el\10.1.16\tomcat-embed-el-10.1.16.jar;C:\Users\lekih\.m2\repository\org\apache\tomcat\embed\tomcat-embed-websocket\10.1.16\tomcat-embed-websocket-10.1.16.jar;C:\Users\lekih\.m2\repository\org\springframework\spring-web\6.0.14\spring-web-6.0.14.jar;C:\Users\lekih\.m2\repository\org\springframework\spring-beans\6.0.14\spring-beans-6.0.14.jar;C:\Users\lekih\.m2\repository\io\micrometer\micrometer-observation\1.10.13\micrometer-observation-1.10.13.jar;C:\Users\lekih\.m2\repository\io\micrometer\micrometer-commons\1.10.13\micrometer-commons-1.10.13.jar;C:\Users\lekih\.m2\repository\org\springframework\spring-webmvc\6.0.14\spring-webmvc-6.0.14.jar;C:\Users\lekih\.m2\repository\org\springframework\spring-context\6.0.14\spring-context-6.0.14.jar;C:\Users\lekih\.m2\repository\org\springframework\spring-expression\6.0.14\spring-expression-6.0.14.jar;C:\Users\lekih\.m2\repository\com\amazonaws\aws-java-sdk-lambda\1.11.999\aws-java-sdk-lambda-1.11.999.jar;C:\Users\lekih\.m2\repository\com\amazonaws\aws-java-sdk-core\1.11.999\aws-java-sdk-core-1.11.999.jar;C:\Users\lekih\.m2\repository\commons-logging\commons-logging\1.1.3\commons-logging-1.1.3.jar;C:\Users\lekih\.m2\repository\software\amazon\ion\ion-java\1.0.2\ion-java-1.0.2.jar;C:\Users\lekih\.m2\repository\com\fasterxml\jackson\dataformat\jackson-dataformat-cbor\2.14.3\jackson-dataformat-cbor-2.14.3.jar;C:\Users\lekih\.m2\repository\joda-time\joda-time\2.8.1\joda-time-2.8.1.jar;C:\Users\lekih\.m2\repository\com\amazonaws\jmespath-java\1.11.999\jmespath-java-1.11.999.jar;C:\Users\lekih\.m2\repository\com\oracle\database\jdbc\ojdbc8\19.3.0.0\ojdbc8-19.3.0.0.jar;C:\Users\lekih\.m2\repository\com\oracle\database\jdbc\ucp\21.7.0.0\ucp-21.7.0.0.jar;C:\Users\lekih\.m2\repository\com\oracle\database\security\oraclepki\21.7.0.0\oraclepki-21.7.0.0.jar;C:\Users\lekih\.m2\repository\com\oracle\database\security\osdt_cert\21.7.0.0\osdt_cert-21.7.0.0.jar;C:\Users\lekih\.m2\repository\com\oracle\database\security\osdt_core\21.7.0.0\osdt_core-21.7.0.0.jar;C:\Users\lekih\.m2\repository\com\oracle\database\ha\simplefan\21.7.0.0\simplefan-21.7.0.0.jar;C:\Users\lekih\.m2\repository\com\oracle\database\ha\ons\21.7.0.0\ons-21.7.0.0.jar;C:\Users\lekih\.m2\repository\io\jsonwebtoken\jjwt-api\0.11.5\jjwt-api-0.11.5.jar;C:\Users\lekih\.m2\repository\io\jsonwebtoken\jjwt-impl\0.11.5\jjwt-impl-0.11.5.jar;C:\Users\lekih\.m2\repository\io\jsonwebtoken\jjwt-jackson\0.11.5\jjwt-jackson-0.11.5.jar;C:\Users\lekih\.m2\repository\com\fasterxml\jackson\core\jackson-databind\2.14.3\jackson-databind-2.14.3.jar;C:\Users\lekih\.m2\repository\org\springframework\boot\spring-boot-starter-security\3.0.13\spring-boot-starter-security-3.0.13.jar;C:\Users\lekih\.m2\repository\org\springframework\spring-aop\6.0.14\spring-aop-6.0.14.jar;C:\Users\lekih\.m2\repository\org\springframework\security\spring-security-config\6.0.8\spring-security-config-6.0.8.jar;C:\Users\lekih\.m2\repository\org\springframework\security\spring-security-core\6.0.8\spring-security-core-6.0.8.jar;C:\Users\lekih\.m2\repository\org\springframework\security\spring-security-crypto\6.0.8\spring-security-crypto-6.0.8.jar;C:\Users\lekih\.m2\repository\org\springframework\security\spring-security-web\6.0.8\spring-security-web-6.0.8.jar;C:\Users\lekih\.m2\repository\software\amazon\awssdk\s3\2.25.14\s3-2.25.14.jar;C:\Users\lekih\.m2\repository\software\amazon\awssdk\aws-xml-protocol\2.25.14\aws-xml-protocol-2.25.14.jar;C:\Users\lekih\.m2\repository\software\amazon\awssdk\aws-query-protocol\2.25.14\aws-query-protocol-2.25.14.jar;C:\Users\lekih\.m2\repository\software\amazon\awssdk\protocol-core\2.25.14\protocol-core-2.25.14.jar;C:\Users\lekih\.m2\repository\software\amazon\awssdk\arns\2.25.14\arns-2.25.14.jar;C:\Users\lekih\.m2\repository\software\amazon\awssdk\profiles\2.25.14\profiles-2.25.14.jar;C:\Users\lekih\.m2\repository\software\amazon\awssdk\crt-core\2.25.14\crt-core-2.25.14.jar;C:\Users\lekih\.m2\repository\software\amazon\awssdk\http-auth\2.25.14\http-auth-2.25.14.jar;C:\Users\lekih\.m2\repository\software\amazon\awssdk\identity-spi\2.25.14\identity-spi-2.25.14.jar;C:\Users\lekih\.m2\repository\software\amazon\awssdk\http-auth-spi\2.25.14\http-auth-spi-2.25.14.jar;C:\Users\lekih\.m2\repository\org\reactivestreams\reactive-streams\1.0.4\reactive-streams-1.0.4.jar;C:\Users\lekih\.m2\repository\software\amazon\awssdk\http-auth-aws\2.25.14\http-auth-aws-2.25.14.jar;C:\Users\lekih\.m2\repository\software\amazon\awssdk\checksums\2.25.14\checksums-2.25.14.jar;C:\Users\lekih\.m2\repository\software\amazon\awssdk\checksums-spi\2.25.14\checksums-spi-2.25.14.jar;C:\Users\lekih\.m2\repository\software\amazon\awssdk\sdk-core\2.25.14\sdk-core-2.25.14.jar;C:\Users\lekih\.m2\repository\org\slf4j\slf4j-api\2.0.9\slf4j-api-2.0.9.jar;C:\Users\lekih\.m2\repository\software\amazon\awssdk\auth\2.25.14\auth-2.25.14.jar;C:\Users\lekih\.m2\repository\software\amazon\eventstream\eventstream\1.0.1\eventstream-1.0.1.jar;C:\Users\lekih\.m2\repository\software\amazon\awssdk\http-client-spi\2.25.14\http-client-spi-2.25.14.jar;C:\Users\lekih\.m2\repository\software\amazon\awssdk\regions\2.25.14\regions-2.25.14.jar;C:\Users\lekih\.m2\repository\software\amazon\awssdk\annotations\2.25.14\annotations-2.25.14.jar;C:\Users\lekih\.m2\repository\software\amazon\awssdk\utils\2.25.14\utils-2.25.14.jar;C:\Users\lekih\.m2\repository\software\amazon\awssdk\aws-core\2.25.14\aws-core-2.25.14.jar;C:\Users\lekih\.m2\repository\software\amazon\awssdk\metrics-spi\2.25.14\metrics-spi-2.25.14.jar;C:\Users\lekih\.m2\repository\software\amazon\awssdk\json-utils\2.25.14\json-utils-2.25.14.jar;C:\Users\lekih\.m2\repository\software\amazon\awssdk\third-party-jackson-core\2.25.14\third-party-jackson-core-2.25.14.jar;C:\Users\lekih\.m2\repository\software\amazon\awssdk\endpoints-spi\2.25.14\endpoints-spi-2.25.14.jar;C:\Users\lekih\.m2\repository\software\amazon\awssdk\apache-client\2.25.14\apache-client-2.25.14.jar;C:\Users\lekih\.m2\repository\software\amazon\awssdk\netty-nio-client\2.25.14\netty-nio-client-2.25.14.jar;C:\Users\lekih\.m2\repository\io\netty\netty-codec-http\4.1.101.Final\netty-codec-http-4.1.101.Final.jar;C:\Users\lekih\.m2\repository\io\netty\netty-codec-http2\4.1.101.Final\netty-codec-http2-4.1.101.Final.jar;C:\Users\lekih\.m2\repository\io\netty\netty-codec\4.1.101.Final\netty-codec-4.1.101.Final.jar;C:\Users\lekih\.m2\repository\io\netty\netty-transport\4.1.101.Final\netty-transport-4.1.101.Final.jar;C:\Users\lekih\.m2\repository\io\netty\netty-common\4.1.101.Final\netty-common-4.1.101.Final.jar;C:\Users\lekih\.m2\repository\io\netty\netty-buffer\4.1.101.Final\netty-buffer-4.1.101.Final.jar;C:\Users\lekih\.m2\repository\io\netty\netty-handler\4.1.101.Final\netty-handler-4.1.101.Final.jar;C:\Users\lekih\.m2\repository\io\netty\netty-transport-native-unix-common\4.1.101.Final\netty-transport-native-unix-common-4.1.101.Final.jar;C:\Users\lekih\.m2\repository\io\netty\netty-transport-classes-epoll\4.1.101.Final\netty-transport-classes-epoll-4.1.101.Final.jar;C:\Users\lekih\.m2\repository\io\netty\netty-resolver\4.1.101.Final\netty-resolver-4.1.101.Final.jar;C:\Users\lekih\.m2\repository\org\springframework\boot\spring-boot-devtools\3.0.13\spring-boot-devtools-3.0.13.jar;C:\Users\lekih\.m2\repository\org\springframework\boot\spring-boot\3.0.13\spring-boot-3.0.13.jar;C:\Users\lekih\.m2\repository\org\springframework\boot\spring-boot-autoconfigure\3.0.13\spring-boot-autoconfigure-3.0.13.jar;C:\Users\lekih\.m2\repository\net\bytebuddy\byte-buddy\1.12.23\byte-buddy-1.12.23.jar;C:\Users\lekih\.m2\repository\org\springframework\spring-core\6.0.14\spring-core-6.0.14.jar;C:\Users\lekih\.m2\repository\org\springframework\spring-jcl\6.0.14\spring-jcl-6.0.14.jar;C:\Users\lekih\.m2\repository\org\springframework\boot\spring-boot-starter-jdbc\3.0.13\spring-boot-starter-jdbc-3.0.13.jar;C:\Users\lekih\.m2\repository\com\zaxxer\HikariCP\5.0.1\HikariCP-5.0.1.jar;C:\Users\lekih\.m2\repository\org\springframework\spring-jdbc\6.0.14\spring-jdbc-6.0.14.jar;C:\Users\lekih\.m2\repository\org\springframework\spring-tx\6.0.14\spring-tx-6.0.14.jar;C:\Users\lekih\.m2\repository\org\springframework\boot\spring-boot-starter-data-jpa\3.0.13\spring-boot-starter-data-jpa-3.0.13.jar;C:\Users\lekih\.m2\repository\org\springframework\boot\spring-boot-starter-aop\3.0.13\spring-boot-starter-aop-3.0.13.jar;C:\Users\lekih\.m2\repository\org\aspectj\aspectjweaver\1.9.20.1\aspectjweaver-1.9.20.1.jar;C:\Users\lekih\.m2\repository\org\hibernate\orm\hibernate-core\6.1.7.Final\hibernate-core-6.1.7.Final.jar;C:\Users\lekih\.m2\repository\jakarta\persistence\jakarta.persistence-api\3.1.0\jakarta.persistence-api-3.1.0.jar;C:\Users\lekih\.m2\repository\jakarta\transaction\jakarta.transaction-api\2.0.1\jakarta.transaction-api-2.0.1.jar;C:\Users\lekih\.m2\repository\org\hibernate\common\hibernate-commons-annotations\6.0.6.Final\hibernate-commons-annotations-6.0.6.Final.jar;C:\Users\lekih\.m2\repository\org\jboss\jandex\2.4.2.Final\jandex-2.4.2.Final.jar;C:\Users\lekih\.m2\repository\jakarta\inject\jakarta.inject-api\2.0.0\jakarta.inject-api-2.0.0.jar;C:\Users\lekih\.m2\repository\org\antlr\antlr4-runtime\4.10.1\antlr4-runtime-4.10.1.jar;C:\Users\lekih\.m2\repository\org\springframework\data\spring-data-jpa\3.0.12\spring-data-jpa-3.0.12.jar;C:\Users\lekih\.m2\repository\org\springframework\data\spring-data-commons\3.0.12\spring-data-commons-3.0.12.jar;C:\Users\lekih\.m2\repository\org\springframework\spring-orm\6.0.14\spring-orm-6.0.14.jar;C:\Users\lekih\.m2\repository\org\springframework\spring-aspects\6.0.14\spring-aspects-6.0.14.jar;C:\Users\lekih\.m2\repository\com\mysql\mysql-connector-j\8.0.32\mysql-connector-j-8.0.32.jar;C:\Users\lekih\.m2\repository\com\fasterxml\jackson\dataformat\jackson-dataformat-xml\2.14.3\jackson-dataformat-xml-2.14.3.jar;C:\Users\lekih\.m2\repository\com\fasterxml\jackson\core\jackson-core\2.14.3\jackson-core-2.14.3.jar;C:\Users\lekih\.m2\repository\com\fasterxml\jackson\core\jackson-annotations\2.14.3\jackson-annotations-2.14.3.jar;C:\Users\lekih\.m2\repository\org\codehaus\woodstox\stax2-api\4.2.1\stax2-api-4.2.1.jar;C:\Users\lekih\.m2\repository\com\fasterxml\woodstox\woodstox-core\6.5.0\woodstox-core-6.5.0.jar;C:\Users\lekih\.m2\repository\org\apache\httpcomponents\httpclient\4.5.14\httpclient-4.5.14.jar;C:\Users\lekih\.m2\repository\org\apache\httpcomponents\httpcore\4.4.16\httpcore-4.4.16.jar;C:\Users\lekih\.m2\repository\commons-codec\commons-codec\1.15\commons-codec-1.15.jar;C:\Users\lekih\.m2\repository\org\springframework\boot\spring-boot-starter-thymeleaf\3.0.13\spring-boot-starter-thymeleaf-3.0.13.jar;C:\Users\lekih\.m2\repository\org\thymeleaf\thymeleaf-spring6\3.1.2.RELEASE\thymeleaf-spring6-3.1.2.RELEASE.jar;C:\Users\lekih\.m2\repository\org\thymeleaf\thymeleaf\3.1.2.RELEASE\thymeleaf-3.1.2.RELEASE.jar;C:\Users\lekih\.m2\repository\org\attoparser\attoparser\2.0.7.RELEASE\attoparser-2.0.7.RELEASE.jar;C:\Users\lekih\.m2\repository\org\unbescape\unbescape\1.1.6.RELEASE\unbescape-1.1.6.RELEASE.jar;C:\Users\lekih\.m2\repository\org\springframework\boot\spring-boot-starter-mail\3.0.13\spring-boot-starter-mail-3.0.13.jar;C:\Users\lekih\.m2\repository\org\springframework\spring-context-support\6.0.14\spring-context-support-6.0.14.jar;C:\Users\lekih\.m2\repository\org\eclipse\angus\jakarta.mail\1.0.0\jakarta.mail-1.0.0.jar;C:\Users\lekih\.m2\repository\org\eclipse\angus\angus-activation\2.0.1\angus-activation-2.0.1.jar;C:\Users\lekih\.m2\repository\com\fasterxml\jackson\datatype\jackson-datatype-jsr310\2.14.3\jackson-datatype-jsr310-2.14.3.jar;C:\Users\lekih\.m2\repository\org\json\json\20210307\json-20210307.jar;C:\Users\lekih\.m2\repository\jakarta\xml\bind\jakarta.xml.bind-api\4.0.1\jakarta.xml.bind-api-4.0.1.jar;C:\Users\lekih\.m2\repository\jakarta\activation\jakarta.activation-api\2.1.2\jakarta.activation-api-2.1.2.jar;C:\Users\lekih\.m2\repository\org\glassfish\jaxb\jaxb-runtime\4.0.4\jaxb-runtime-4.0.4.jar;C:\Users\lekih\.m2\repository\org\glassfish\jaxb\jaxb-core\4.0.4\jaxb-core-4.0.4.jar;C:\Users\lekih\.m2\repository\org\glassfish\jaxb\txw2\4.0.4\txw2-4.0.4.jar;C:\Users\lekih\.m2\repository\com\sun\istack\istack-commons-runtime\4.1.2\istack-commons-runtime-4.1.2.jar;C:\Users\lekih\.m2\repository\org\bouncycastle\bcpkix-jdk15on\1.69\bcpkix-jdk15on-1.69.jar;C:\Users\lekih\.m2\repository\org\bouncycastle\bcprov-jdk15on\1.69\bcprov-jdk15on-1.69.jar;C:\Users\lekih\.m2\repository\org\bouncycastle\bcutil-jdk15on\1.69\bcutil-jdk15on-1.69.jar;C:\Users\lekih\.m2\repository\org\xhtmlrenderer\flying-saucer-pdf\9.1.20\flying-saucer-pdf-9.1.20.jar;C:\Users\lekih\.m2\repository\com\lowagie\itext\2.1.7\itext-2.1.7.jar;C:\Users\lekih\.m2\repository\org\bouncycastle\bcmail-jdk14\1.64\bcmail-jdk14-1.64.jar;C:\Users\lekih\.m2\repository\org\bouncycastle\bcpkix-jdk14\1.64\bcpkix-jdk14-1.64.jar;C:\Users\lekih\.m2\repository\org\bouncycastle\bctsp-jdk14\1.46\bctsp-jdk14-1.46.jar;C:\Users\lekih\.m2\repository\org\bouncycastle\bcprov-jdk14\1.64\bcprov-jdk14-1.64.jar;C:\Users\lekih\.m2\repository\org\xhtmlrenderer\flying-saucer-core\9.1.20\flying-saucer-core-9.1.20.jar;C:\Users\lekih\.m2\repository\jakarta\validation\jakarta.validation-api\3.0.2\jakarta.validation-api-3.0.2.jar;C:\Users\lekih\.m2\repository\org\hibernate\validator\hibernate-validator\8.0.1.Final\hibernate-validator-8.0.1.Final.jar;C:\Users\lekih\.m2\repository\org\jboss\logging\jboss-logging\3.5.3.Final\jboss-logging-3.5.3.Final.jar;C:\Users\lekih\.m2\repository\com\fasterxml\classmate\1.5.1\classmate-1.5.1.jar;C:\Users\lekih\.m2\repository\org\springdoc\springdoc-openapi-starter-webmvc-ui\2.5.0\springdoc-openapi-starter-webmvc-ui-2.5.0.jar;C:\Users\lekih\.m2\repository\org\springdoc\springdoc-openapi-starter-webmvc-api\2.5.0\springdoc-openapi-starter-webmvc-api-2.5.0.jar;C:\Users\lekih\.m2\repository\org\springdoc\springdoc-openapi-starter-common\2.5.0\springdoc-openapi-starter-common-2.5.0.jar;C:\Users\lekih\.m2\repository\io\swagger\core\v3\swagger-core-jakarta\2.2.21\swagger-core-jakarta-2.2.21.jar;C:\Users\lekih\.m2\repository\io\swagger\core\v3\swagger-annotations-jakarta\2.2.21\swagger-annotations-jakarta-2.2.21.jar;C:\Users\lekih\.m2\repository\io\swagger\core\v3\swagger-models-jakarta\2.2.21\swagger-models-jakarta-2.2.21.jar;C:\Users\lekih\.m2\repository\com\fasterxml\jackson\dataformat\jackson-dataformat-yaml\2.14.3\jackson-dataformat-yaml-2.14.3.jar;C:\Users\lekih\.m2\repository\org\webjars\swagger-ui\5.13.0\swagger-ui-5.13.0.jar;C:\Users\lekih\.m2\repository\io\minio\minio\9.0.0\minio-9.0.0.jar;C:\Users\lekih\.m2\repository\com\carrotsearch\thirdparty\simple-xml-safe\2.7.1\simple-xml-safe-2.7.1.jar;C:\Users\lekih\.m2\repository\com\google\guava\guava\33.5.0-jre\guava-33.5.0-jre.jar;C:\Users\lekih\.m2\repository\com\google\guava\failureaccess\1.0.3\failureaccess-1.0.3.jar;C:\Users\lekih\.m2\repository\com\google\guava\listenablefuture\9999.0-empty-to-avoid-conflict-with-guava\listenablefuture-9999.0-empty-to-avoid-conflict-with-guava.jar;C:\Users\lekih\.m2\repository\org\jspecify\jspecify\1.0.0\jspecify-1.0.0.jar;C:\Users\lekih\.m2\repository\com\google\errorprone\error_prone_annotations\2.41.0\error_prone_annotations-2.41.0.jar;C:\Users\lekih\.m2\repository\com\google\j2objc\j2objc-annotations\3.1\j2objc-annotations-3.1.jar;C:\Users\lekih\.m2\repository\com\squareup\okhttp3\okhttp\4.10.0\okhttp-4.10.0.jar;C:\Users\lekih\.m2\repository\com\squareup\okio\okio-jvm\3.0.0\okio-jvm-3.0.0.jar;C:\Users\lekih\.m2\repository\org\jetbrains\kotlin\kotlin-stdlib-jdk8\1.7.22\kotlin-stdlib-jdk8-1.7.22.jar;C:\Users\lekih\.m2\repository\org\jetbrains\kotlin\kotlin-stdlib-jdk7\1.7.22\kotlin-stdlib-jdk7-1.7.22.jar;C:\Users\lekih\.m2\repository\org\jetbrains\kotlin\kotlin-stdlib-common\1.7.22\kotlin-stdlib-common-1.7.22.jar;C:\Users\lekih\.m2\repository\org\jetbrains\kotlin\kotlin-stdlib\1.7.22\kotlin-stdlib-1.7.22.jar;C:\Users\lekih\.m2\repository\org\jetbrains\annotations\13.0\annotations-13.0.jar;C:\Users\lekih\.m2\repository\org\bouncycastle\bcprov-jdk18on\1.82\bcprov-jdk18on-1.82.jar;C:\Users\lekih\.m2\repository\org\apache\commons\commons-compress\1.28.0\commons-compress-1.28.0.jar;C:\Users\lekih\.m2\repository\commons-io\commons-io\2.20.0\commons-io-2.20.0.jar;C:\Users\lekih\.m2\repository\org\apache\commons\commons-lang3\3.12.0\commons-lang3-3.12.0.jar;C:\Users\lekih\.m2\repository\org\xerial\snappy\snappy-java\1.1.10.8\snappy-java-1.1.10.8.jar
Launcher Type: SUN_STANDARD

[Global flags]
     intx CICompilerCount                          = 4                                         {product} {ergonomic}
     uint ConcGCThreads                            = 3                                         {product} {ergonomic}
     uint G1ConcRefinementThreads                  = 10                                        {product} {ergonomic}
   size_t G1HeapRegionSize                         = 2097152                                   {product} {ergonomic}
    uintx GCDrainStackTargetSize                   = 64                                        {product} {ergonomic}
   size_t InitialHeapSize                          = 264241152                                 {product} {ergonomic}
   size_t MarkStackSize                            = 4194304                                   {product} {ergonomic}
   size_t MaxHeapSize                              = 4213178368                                {product} {ergonomic}
   size_t MaxNewSize                               = 2527068160                                {product} {ergonomic}
   size_t MinHeapDeltaBytes                        = 2097152                                   {product} {ergonomic}
   size_t MinHeapSize                              = 8388608                                   {product} {ergonomic}
    uintx NonNMethodCodeHeapSize                   = 5839372                                {pd product} {ergonomic}
    uintx NonProfiledCodeHeapSize                  = 122909434                              {pd product} {ergonomic}
    uintx ProfiledCodeHeapSize                     = 122909434                              {pd product} {ergonomic}
    uintx ReservedCodeCacheSize                    = 251658240                              {pd product} {ergonomic}
     bool SegmentedCodeCache                       = true                                      {product} {ergonomic}
   size_t SoftMaxHeapSize                          = 4213178368                             {manageable} {ergonomic}
     bool UseCompressedOops                        = true                           {product lp64_product} {ergonomic}
     bool UseG1GC                                  = true                                      {product} {ergonomic}
     bool UseLargePagesIndividualAllocation        = false                                  {pd product} {ergonomic}

Logging:
Log output configuration:
 #0: stdout all=warning uptime,level,tags foldmultilines=false
 #1: stderr all=off uptime,level,tags foldmultilines=false

Environment Variables:
JAVA_HOME=C:\Program Files\Java\jdk-21
PATH=C:\Windows\System32;C:\Program Files\nodejs;C:\Users\lekih\AppData\Roaming\npm;C:\Program Files\dotnet\;C:\Program Files\Git\cmd;C:\Program Files\Docker\Docker\resources\bin;C:\Program Files\Amazon\AWSCLIV2\;C:\Program Files\nodejs\;C:\Users\lekih\miniconda3;C:\Users\lekih\miniconda3\Scripts;C:\Users\lekih\miniconda3\condabin;C:\Windows\System32\OpenSSH\;C:\Program Files\Java\jdk-21\bin;C:\Users\lekih\AppData\Local\Programs\Python\Python313\Scripts\;C:\Users\lekih\AppData\Local\Programs\Python\Python313\;C:\Users\lekih\AppData\Local\Microsoft\WindowsApps;C:\Program Files\JetBrains\IntelliJ IDEA Community Edition 2025.2\bin;C:\Users\lekih\AppData\Local\Programs\Microsoft VS Code\bin;C:\Users\lekih\AppData\Roaming\npm
USERNAME=lekih
OS=Windows_NT
PROCESSOR_IDENTIFIER=Intel64 Family 6 Model 186 Stepping 3, GenuineIntel
TMP=C:\Users\lekih\AppData\Local\Temp
TEMP=C:\Users\lekih\AppData\Local\Temp




Periodic native trim disabled

---------------  S Y S T E M  ---------------

OS:
 Windows 11 , 64 bit Build 26100 (10.0.26100.8875)
OS uptime: 3 days 22:18 hours
Hyper-V role detected

CPU: total 12 (initial active 12) (6 cores per cpu, 2 threads per core) family 6 model 186 stepping 3 microcode 0x6134, cx8, cmov, fxsr, ht, mmx, 3dnowpref, sse, sse2, sse3, ssse3, sse4.1, sse4.2, popcnt, lzcnt, tsc, tscinvbit, avx, avx2, aes, erms, clmul, bmi1, bmi2, adx, sha, fma, vzeroupper, clflush, clflushopt, clwb, hv, serialize, rdtscp, rdpid, fsrm, f16c, cet_ibt, cet_ss
Processor Information for processor 0
  Max Mhz: 1700, Current Mhz: 1700, Mhz Limit: 1700
Processor Information for processor 1
  Max Mhz: 1700, Current Mhz: 1700, Mhz Limit: 1700
Processor Information for processor 2
  Max Mhz: 1700, Current Mhz: 1700, Mhz Limit: 1700
Processor Information for processor 3
  Max Mhz: 1700, Current Mhz: 1700, Mhz Limit: 1700
Processor Information for processor 4
  Max Mhz: 1700, Current Mhz: 1700, Mhz Limit: 1700
Processor Information for processor 5
  Max Mhz: 1700, Current Mhz: 1558, Mhz Limit: 1700
Processor Information for processor 6
  Max Mhz: 1700, Current Mhz: 1700, Mhz Limit: 1700
Processor Information for processor 7
  Max Mhz: 1700, Current Mhz: 1700, Mhz Limit: 1700
Processor Information for processor 8
  Max Mhz: 1700, Current Mhz: 1558, Mhz Limit: 1700
Processor Information for processor 9
  Max Mhz: 1700, Current Mhz: 1700, Mhz Limit: 1700
Processor Information for processor 10
  Max Mhz: 1700, Current Mhz: 1700, Mhz Limit: 1700
Processor Information for processor 11
  Max Mhz: 1700, Current Mhz: 1558, Mhz Limit: 1700

Memory: 4k page, system-wide physical 16068M (874M free)
TotalPageFile size 41203M (AvailPageFile size 4M)
current process WorkingSet (physical memory assigned to process): 174M, peak: 174M
current process commit charge ("private bytes"): 406M, peak: 406M

vm_info: Java HotSpot(TM) 64-Bit Server VM (21.0.2+13-LTS-58) for windows-amd64 JRE (21.0.2+13-LTS-58), built on 2024-01-05T18:32:24Z by "mach5one" with MS VC++ 17.1 (VS2022)

END.
